Archive member included to satisfy reference by file (symbol)

c:/st/stm32cubeide_1.7.0/stm32cubeide/plugins/com.st.stm32cube.ide.mcu.externaltools.gnu-tools-for-stm32.9-2020-q2-update.win32_2.0.0.202105311346/tools/bin/../lib/gcc/arm-none-eabi/9.3.1/../../../../arm-none-eabi/lib/thumb/v7e-m+fp/hard\libc_nano.a(lib_a-errno.o)
                              ./Core/Src/syscalls.o (__errno)
c:/st/stm32cubeide_1.7.0/stm32cubeide/plugins/com.st.stm32cube.ide.mcu.externaltools.gnu-tools-for-stm32.9-2020-q2-update.win32_2.0.0.202105311346/tools/bin/../lib/gcc/arm-none-eabi/9.3.1/../../../../arm-none-eabi/lib/thumb/v7e-m+fp/hard\libc_nano.a(lib_a-exit.o)
                              c:/st/stm32cubeide_1.7.0/stm32cubeide/plugins/com.st.stm32cube.ide.mcu.externaltools.gnu-tools-for-stm32.9-2020-q2-update.win32_2.0.0.202105311346/tools/bin/../lib/gcc/arm-none-eabi/9.3.1/../../../../arm-none-eabi/lib/thumb/v7e-m+fp/hard/crt0.o (exit)
c:/st/stm32cubeide_1.7.0/stm32cubeide/plugins/com.st.stm32cube.ide.mcu.externaltools.gnu-tools-for-stm32.9-2020-q2-update.win32_2.0.0.202105311346/tools/bin/../lib/gcc/arm-none-eabi/9.3.1/../../../../arm-none-eabi/lib/thumb/v7e-m+fp/hard\libc_nano.a(lib_a-impure.o)
                              c:/st/stm32cubeide_1.7.0/stm32cubeide/plugins/com.st.stm32cube.ide.mcu.externaltools.gnu-tools-for-stm32.9-2020-q2-update.win32_2.0.0.202105311346/tools/bin/../lib/gcc/arm-none-eabi/9.3.1/../../../../arm-none-eabi/lib/thumb/v7e-m+fp/hard\libc_nano.a(lib_a-exit.o) (_global_impure_ptr)
c:/st/stm32cubeide_1.7.0/stm32cubeide/plugins/com.st.stm32cube.ide.mcu.externaltools.gnu-tools-for-stm32.9-2020-q2-update.win32_2.0.0.202105311346/tools/bin/../lib/gcc/arm-none-eabi/9.3.1/../../../../arm-none-eabi/lib/thumb/v7e-m+fp/hard\libc_nano.a(lib_a-init.o)
                              c:/st/stm32cubeide_1.7.0/stm32cubeide/plugins/com.st.stm32cube.ide.mcu.externaltools.gnu-tools-for-stm32.9-2020-q2-update.win32_2.0.0.202105311346/tools/bin/../lib/gcc/arm-none-eabi/9.3.1/../../../../arm-none-eabi/lib/thumb/v7e-m+fp/hard/crt0.o (__libc_init_array)
c:/st/stm32cubeide_1.7.0/stm32cubeide/plugins/com.st.stm32cube.ide.mcu.externaltools.gnu-tools-for-stm32.9-2020-q2-update.win32_2.0.0.202105311346/tools/bin/../lib/gcc/arm-none-eabi/9.3.1/../../../../arm-none-eabi/lib/thumb/v7e-m+fp/hard\libc_nano.a(lib_a-memcmp.o)
                              ./common/ThirdParty/SEGGER/OS/SEGGER_SYSVIEW_FreeRTOS.o (memcmp)
c:/st/stm32cubeide_1.7.0/stm32cubeide/plugins/com.st.stm32cube.ide.mcu.externaltools.gnu-tools-for-stm32.9-2020-q2-update.win32_2.0.0.202105311346/tools/bin/../lib/gcc/arm-none-eabi/9.3.1/../../../../arm-none-eabi/lib/thumb/v7e-m+fp/hard\libc_nano.a(lib_a-memcpy-stub.o)
                              ./common/ThirdParty/FreeRTOS/queue.o (memcpy)
c:/st/stm32cubeide_1.7.0/stm32cubeide/plugins/com.st.stm32cube.ide.mcu.externaltools.gnu-tools-for-stm32.9-2020-q2-update.win32_2.0.0.202105311346/tools/bin/../lib/gcc/arm-none-eabi/9.3.1/../../../../arm-none-eabi/lib/thumb/v7e-m+fp/hard\libc_nano.a(lib_a-memset.o)
                              c:/st/stm32cubeide_1.7.0/stm32cubeide/plugins/com.st.stm32cube.ide.mcu.externaltools.gnu-tools-for-stm32.9-2020-q2-update.win32_2.0.0.202105311346/tools/bin/../lib/gcc/arm-none-eabi/9.3.1/../../../../arm-none-eabi/lib/thumb/v7e-m+fp/hard/crt0.o (memset)
c:/st/stm32cubeide_1.7.0/stm32cubeide/plugins/com.st.stm32cube.ide.mcu.externaltools.gnu-tools-for-stm32.9-2020-q2-update.win32_2.0.0.202105311346/tools/bin/../lib/gcc/arm-none-eabi/9.3.1/../../../../arm-none-eabi/lib/thumb/v7e-m+fp/hard\libc_nano.a(lib_a-strlen.o)
                              ./common/ThirdParty/SEGGER/SEGGER/SEGGER_RTT.o (strlen)
c:/st/stm32cubeide_1.7.0/stm32cubeide/plugins/com.st.stm32cube.ide.mcu.externaltools.gnu-tools-for-stm32.9-2020-q2-update.win32_2.0.0.202105311346/tools/bin/../lib/gcc/arm-none-eabi/9.3.1/thumb/v7e-m+fp/hard\libgcc.a(_aeabi_uldivmod.o)
                              ./Drivers/STM32F4xx_HAL_Driver/Src/stm32f4xx_hal_rcc.o (__aeabi_uldivmod)
c:/st/stm32cubeide_1.7.0/stm32cubeide/plugins/com.st.stm32cube.ide.mcu.externaltools.gnu-tools-for-stm32.9-2020-q2-update.win32_2.0.0.202105311346/tools/bin/../lib/gcc/arm-none-eabi/9.3.1/thumb/v7e-m+fp/hard\libgcc.a(_udivmoddi4.o)
                              c:/st/stm32cubeide_1.7.0/stm32cubeide/plugins/com.st.stm32cube.ide.mcu.externaltools.gnu-tools-for-stm32.9-2020-q2-update.win32_2.0.0.202105311346/tools/bin/../lib/gcc/arm-none-eabi/9.3.1/thumb/v7e-m+fp/hard\libgcc.a(_aeabi_uldivmod.o) (__udivmoddi4)
c:/st/stm32cubeide_1.7.0/stm32cubeide/plugins/com.st.stm32cube.ide.mcu.externaltools.gnu-tools-for-stm32.9-2020-q2-update.win32_2.0.0.202105311346/tools/bin/../lib/gcc/arm-none-eabi/9.3.1/thumb/v7e-m+fp/hard\libgcc.a(_dvmd_tls.o)
[...]
Memory Configuration

Name             Origin             Length             Attributes
CCMRAM           0x0000000010000000 0x0000000000010000 xrw
RAM              0x0000000020000000 0x0000000000020000 xrw
FLASH            0x0000000008000000 0x0000000000100000 xr
*default*        0x0000000000000000 0xffffffffffffffff

Linker script and memory map

LOAD c:/st/stm32cubeide_1.7.0/stm32cubeide/plugins/com.st.stm32cube.ide.mcu.externaltools.gnu-tools-for-stm32.9-2020-q2-update.win32_2.0.0.202105311346/tools/bin/../lib/gcc/arm-none-eabi/9.3.1/thumb/v7e-m+fp/hard/crti.o
LOAD c:/st/stm32cubeide_1.7.0/stm32cubeide/plugins/com.st.stm32cube.ide.mcu.externaltools.gnu-tools-for-stm32.9-2020-q2-update.win32_2.0.0.202105311346/tools/bin/../lib/gcc/arm-none-eabi/9.3.1/thumb/v7e-m+fp/hard/crtbegin.o
LOAD c:/st/stm32cubeide_1.7.0/stm32cubeide/plugins/com.st.stm32cube.ide.mcu.externaltools.gnu-tools-for-stm32.9-2020-q2-update.win32_2.0.0.202105311346/tools/bin/../lib/gcc/arm-none-eabi/9.3.1/../../../../arm-none-eabi/lib/thumb/v7e-m+fp/hard/crt0.o
LOAD ./Core/Src/main.o
LOAD ./Core/Src/stm32f4xx_hal_msp.o
LOAD ./Core/Src/stm32f4xx_hal_timebase_tim.o
LOAD ./Core/Src/stm32f4xx_it.o
LOAD ./Core/Src/syscalls.o
LOAD ./Core/Src/sysmem.o
LOAD ./Core/Src/system_stm32f4xx.o
LOAD ./Core/Startup/startup_stm32f407vgtx.o
LOAD ./Drivers/STM32F4xx_HAL_Driver/Src/stm32f4xx_hal.o
LOAD ./Drivers/STM32F4xx_HAL_Driver/Src/stm32f4xx_hal_cortex.o
LOAD ./Drivers/STM32F4xx_HAL_Driver/Src/stm32f4xx_hal_dma.o
LOAD ./Drivers/STM32F4xx_HAL_Driver/Src/stm32f4xx_hal_dma_ex.o
LOAD ./Drivers/STM32F4xx_HAL_Driver/Src/stm32f4xx_hal_exti.o
LOAD ./Drivers/STM32F4xx_HAL_Driver/Src/stm32f4xx_hal_flash.o
LOAD ./Drivers/STM32F4xx_HAL_Driver/Src/stm32f4xx_hal_flash_ex.o
LOAD ./Drivers/STM32F4xx_HAL_Driver/Src/stm32f4xx_hal_flash_ramfunc.o
LOAD ./Drivers/STM32F4xx_HAL_Driver/Src/stm32f4xx_hal_gpio.o
LOAD ./Drivers/STM32F4xx_HAL_Driver/Src/stm32f4xx_hal_pwr.o
LOAD ./Drivers/STM32F4xx_HAL_Driver/Src/stm32f4xx_hal_pwr_ex.o
LOAD ./Drivers/STM32F4xx_HAL_Driver/Src/stm32f4xx_hal_rcc.o
LOAD ./Drivers/STM32F4xx_HAL_Driver/Src/stm32f4xx_hal_rcc_ex.o
LOAD ./Drivers/STM32F4xx_HAL_Driver/Src/stm32f4xx_hal_tim.o
LOAD ./Drivers/STM32F4xx_HAL_Driver/Src/stm32f4xx_hal_tim_ex.o
LOAD ./common/ThirdParty/FreeRTOS/croutine.o
LOAD ./common/ThirdParty/FreeRTOS/event_groups.o
LOAD ./common/ThirdParty/FreeRTOS/list.o
LOAD ./common/ThirdParty/FreeRTOS/queue.o
LOAD ./common/ThirdParty/FreeRTOS/stream_buffer.o
LOAD ./common/ThirdParty/FreeRTOS/tasks.o
LOAD ./common/ThirdParty/FreeRTOS/timers.o
LOAD ./common/ThirdParty/FreeRTOS/portable/GCC/ARM_CM4F/port.o
LOAD ./common/ThirdParty/FreeRTOS/portable/MemMang/heap_4.o
LOAD ./common/ThirdParty/SEGGER/Config/SEGGER_SYSVIEW_Config_FreeRTOS.o
LOAD ./common/ThirdParty/SEGGER/OS/SEGGER_SYSVIEW_FreeRTOS.o
LOAD ./common/ThirdParty/SEGGER/Rec/segger_uart.o
LOAD ./common/ThirdParty/SEGGER/SEGGER/SEGGER_RTT.o
LOAD ./common/ThirdParty/SEGGER/SEGGER/SEGGER_RTT_ASM_ARMv7M.o
LOAD ./common/ThirdParty/SEGGER/SEGGER/SEGGER_RTT_printf.o
LOAD ./common/ThirdParty/SEGGER/SEGGER/SEGGER_SYSVIEW.o
LOAD ./common/ThirdParty/SEGGER/SEGGER/Syscalls/SEGGER_RTT_Syscalls_GCC.o
START GROUP
LOAD c:/st/stm32cubeide_1.7.0/stm32cubeide/plugins/com.st.stm32cube.ide.mcu.externaltools.gnu-tools-for-stm32.9-2020-q2-update.win32_2.0.0.202105311346/tools/bin/../lib/gcc/arm-none-eabi/9.3.1/../../../../arm-none-eabi/lib/thumb/v7e-m+fp/hard\libc_nano.a
LOAD c:/st/stm32cubeide_1.7.0/stm32cubeide/plugins/com.st.stm32cube.ide.mcu.externaltools.gnu-tools-for-stm32.9-2020-q2-update.win32_2.0.0.202105311346/tools/bin/../lib/gcc/arm-none-eabi/9.3.1/../../../../arm-none-eabi/lib/thumb/v7e-m+fp/hard\libm.a
END GROUP
START GROUP
LOAD c:/st/stm32cubeide_1.7.0/stm32cubeide/plugins/com.st.stm32cube.ide.mcu.externaltools.gnu-tools-for-stm32.9-2020-q2-update.win32_2.0.0.202105311346/tools/bin/../lib/gcc/arm-none-eabi/9.3.1/thumb/v7e-m+fp/hard\libgcc.a
LOAD c:/st/stm32cubeide_1.7.0/stm32cubeide/plugins/com.st.stm32cube.ide.mcu.externaltools.gnu-tools-for-stm32.9-2020-q2-update.win32_2.0.0.202105311346/tools/bin/../lib/gcc/arm-none-eabi/9.3.1/../../../../arm-none-eabi/lib/thumb/v7e-m+fp/hard\libc_nano.a
END GROUP
START GROUP
LOAD c:/st/stm32cubeide_1.7.0/stm32cubeide/plugins/com.st.stm32cube.ide.mcu.externaltools.gnu-tools-for-stm32.9-2020-q2-update.win32_2.0.0.202105311346/tools/bin/../lib/gcc/arm-none-eabi/9.3.1/thumb/v7e-m+fp/hard\libgcc.a
LOAD c:/st/stm32cubeide_1.7.0/stm32cubeide/plugins/com.st.stm32cube.ide.mcu.externaltools.gnu-tools-for-stm32.9-2020-q2-update.win32_2.0.0.202105311346/tools/bin/../lib/gcc/arm-none-eabi/9.3.1/../../../../arm-none-eabi/lib/thumb/v7e-m+fp/hard\libc_nano.a
LOAD c:/st/stm32cubeide_1.7.0/stm32cubeide/plugins/com.st.stm32cube.ide.mcu.externaltools.gnu-tools-for-stm32.9-2020-q2-update.win32_2.0.0.202105311346/tools/bin/../lib/gcc/arm-none-eabi/9.3.1/../../../../arm-none-eabi/lib/thumb/v7e-m+fp/hard\libnosys.a
END GROUP
START GROUP
LOAD c:/st/stm32cubeide_1.7.0/stm32cubeide/plugins/com.st.stm32cube.ide.mcu.externaltools.gnu-tools-for-stm32.9-2020-q2-update.win32_2.0.0.202105311346/tools/bin/../lib/gcc/arm-none-eabi/9.3.1/thumb/v7e-m+fp/hard\libgcc.a
LOAD c:/st/stm32cubeide_1.7.0/stm32cubeide/plugins/com.st.stm32cube.ide.mcu.externaltools.gnu-tools-for-stm32.9-2020-q2-update.win32_2.0.0.202105311346/tools/bin/../lib/gcc/arm-none-eabi/9.3.1/../../../../arm-none-eabi/lib/thumb/v7e-m+fp/hard\libc_nano.a
LOAD c:/st/stm32cubeide_1.7.0/stm32cubeide/plugins/com.st.stm32cube.ide.mcu.externaltools.gnu-tools-for-stm32.9-2020-q2-update.win32_2.0.0.202105311346/tools/bin/../lib/gcc/arm-none-eabi/9.3.1/../../../../arm-none-eabi/lib/thumb/v7e-m+fp/hard\libnosys.a
END GROUP
LOAD c:/st/stm32cubeide_1.7.0/stm32cubeide/plugins/com.st.stm32cube.ide.mcu.externaltools.gnu-tools-for-stm32.9-2020-q2-update.win32_2.0.0.202105311346/tools/bin/../lib/gcc/arm-none-eabi/9.3.1/thumb/v7e-m+fp/hard/crtend.o
LOAD c:/st/stm32cubeide_1.7.0/stm32cubeide/plugins/com.st.stm32cube.ide.mcu.externaltools.gnu-tools-for-stm32.9-2020-q2-update.win32_2.0.0.202105311346/tools/bin/../lib/gcc/arm-none-eabi/9.3.1/thumb/v7e-m+fp/hard/crtn.o
                0x0000000020020000                _estack = (ORIGIN (RAM) + LENGTH (RAM))
                0x0000000000000200                _Min_Heap_Size = 0x200
                0x0000000000000400                _Min_Stack_Size = 0x400

.isr_vector     0x0000000008000000      0x188
                0x0000000008000000                . = ALIGN (0x4)
 *(.isr_vector)
 .isr_vector    0x0000000008000000      0x188 ./Core/Startup/startup_stm32f407vgtx.o
                0x0000000008000000                g_pfnVectors
                0x0000000008000188                . = ALIGN (0x4)

.text           0x0000000008000190     0x5c7c
                0x0000000008000190                . = ALIGN (0x4)
 *(.text)
 .text          0x0000000008000190       0x40 c:/st/stm32cubeide_1.7.0/stm32cubeide/plugins/com.st.stm32cube.ide.mcu.externaltools.gnu-tools-for-stm32.9-2020-q2-update.win32_2.0.0.202105311346/tools/bin/../lib/gcc/arm-none-eabi/9.3.1/thumb/v7e-m+fp/hard/crtbegin.o
 .text          0x00000000080001d0       0x94 ./common/ThirdParty/SEGGER/SEGGER/SEGGER_RTT_ASM_ARMv7M.o
                0x00000000080001d0                SEGGER_RTT_ASM_WriteSkipNoLock
 .text          0x0000000008000264       0x30 c:/st/stm32cubeide_1.7.0/stm32cubeide/plugins/com.st.stm32cube.ide.mcu.externaltools.gnu-tools-for-stm32.9-2020-q2-update.win32_2.0.0.202105311346/tools/bin/../lib/gcc/arm-none-eabi/9.3.1/thumb/v7e-m+fp/hard\libgcc.a(_aeabi_uldivmod.o)
                0x0000000008000264                __aeabi_uldivmod
 .text          0x0000000008000294      0x2c4 c:/st/stm32cubeide_1.7.0/stm32cubeide/plugins/com.st.stm32cube.ide.mcu.externaltools.gnu-tools-for-stm32.9-2020-q2-update.win32_2.0.0.202105311346/tools/bin/../lib/gcc/arm-none-eabi/9.3.1/thumb/v7e-m+fp/hard\libgcc.a(_udivmoddi4.o)
                0x0000000008000294                __udivmoddi4
 .text          0x0000000008000558        0x4 c:/st/stm32cubeide_1.7.0/stm32cubeide/plugins/com.st.stm32cube.ide.mcu.externaltools.gnu-tools-for-stm32.9-2020-q2-update.win32_2.0.0.202105311346/tools/bin/../lib/gcc/arm-none-eabi/9.3.1/thumb/v7e-m+fp/hard\libgcc.a(_dvmd_tls.o)
                0x0000000008000558                __aeabi_idiv0
                0x0000000008000558                __aeabi_ldiv0
 *(.text*)
 .text.main     0x000000000800055c      0x134 ./Core/Src/main.o
                0x000000000800055c                main
 .text.SystemClock_Config
                0x0000000008000690       0xd4 ./Core/Src/main.o
                0x0000000008000690                SystemClock_Config
 .text.MX_GPIO_Init
                0x0000000008000764      0x2bc ./Core/Src/main.o
 .text.led_green_handler
                0x0000000008000a20       0x70 ./Core/Src/main.o
 .text.led_orange_handler
                0x0000000008000a90       0x70 ./Core/Src/main.o
 .text.led_red_handler
                0x0000000008000b00       0x78 ./Core/Src/main.o
 .text.button_handler
                0x0000000008000b78       0x50 ./Core/Src/main.o
 .text.HAL_TIM_PeriodElapsedCallback
                0x0000000008000bc8       0x24 ./Core/Src/main.o
                0x0000000008000bc8                HAL_TIM_PeriodElapsedCallback
 .text.Error_Handler
                0x0000000008000bec        0xa ./Core/Src/main.o
                0x0000000008000bec                Error_Handler
 *fill*         0x0000000008000bf6        0x2 
 .text.HAL_MspInit
                0x0000000008000bf8       0x50 ./Core/Src/stm32f4xx_hal_msp.o
                0x0000000008000bf8                HAL_MspInit
 .text.HAL_InitTick
                0x0000000008000c48       0xb4 ./Core/Src/stm32f4xx_hal_timebase_tim.o
                0x0000000008000c48                HAL_InitTick
 .text.NMI_Handler
                0x0000000008000cfc        0x6 ./Core/Src/stm32f4xx_it.o
                0x0000000008000cfc                NMI_Handler
 .text.HardFault_Handler
                0x0000000008000d02        0x6 ./Core/Src/stm32f4xx_it.o
                0x0000000008000d02                HardFault_Handler
 .text.MemManage_Handler
                0x0000000008000d08        0x6 ./Core/Src/stm32f4xx_it.o
                0x0000000008000d08                MemManage_Handler
 .text.BusFault_Handler
                0x0000000008000d0e        0x6 ./Core/Src/stm32f4xx_it.o
                0x0000000008000d0e                BusFault_Handler
 .text.UsageFault_Handler
                0x0000000008000d14        0x6 ./Core/Src/stm32f4xx_it.o
                0x0000000008000d14                UsageFault_Handler
 .text.DebugMon_Handler
                0x0000000008000d1a        0xe ./Core/Src/stm32f4xx_it.o
                0x0000000008000d1a                DebugMon_Handler
 .text.TIM6_DAC_IRQHandler
                0x0000000008000d28       0x14 ./Core/Src/stm32f4xx_it.o
                0x0000000008000d28                TIM6_DAC_IRQHandler
 .text.SystemInit
                0x0000000008000d3c       0x24 ./Core/Src/system_stm32f4xx.o
                0x0000000008000d3c                SystemInit
 .text.Reset_Handler
                0x0000000008000d60       0x50 ./Core/Startup/startup_stm32f407vgtx.o
                0x0000000008000d60                Reset_Handler
 .text.Default_Handler
                0x0000000008000db0        0x2 ./Core/Startup/startup_stm32f407vgtx.o
                0x0000000008000db0                RTC_Alarm_IRQHandler
                0x0000000008000db0                HASH_RNG_IRQHandler
                0x0000000008000db0                EXTI2_IRQHandler
                0x0000000008000db0                TIM8_CC_IRQHandler
                0x0000000008000db0                TIM1_CC_IRQHandler
                0x0000000008000db0                DMA2_Stream5_IRQHandler
                0x0000000008000db0                DMA1_Stream5_IRQHandler
                0x0000000008000db0                PVD_IRQHandler
                0x0000000008000db0                SDIO_IRQHandler
                0x0000000008000db0                TAMP_STAMP_IRQHandler
                0x0000000008000db0                CAN2_RX1_IRQHandler
                0x0000000008000db0                EXTI3_IRQHandler
                0x0000000008000db0                TIM8_TRG_COM_TIM14_IRQHandler
                0x0000000008000db0                TIM1_UP_TIM10_IRQHandler
                0x0000000008000db0                TIM8_UP_TIM13_IRQHandler
                0x0000000008000db0                I2C3_ER_IRQHandler
                0x0000000008000db0                EXTI0_IRQHandler
                0x0000000008000db0                I2C2_EV_IRQHandler
                0x0000000008000db0                DMA1_Stream2_IRQHandler
                0x0000000008000db0                CAN1_RX0_IRQHandler
                0x0000000008000db0                FPU_IRQHandler
                0x0000000008000db0                OTG_HS_WKUP_IRQHandler
                0x0000000008000db0                CAN2_SCE_IRQHandler
                0x0000000008000db0                DMA2_Stream2_IRQHandler
                0x0000000008000db0                SPI1_IRQHandler
                0x0000000008000db0                TIM1_BRK_TIM9_IRQHandler
                0x0000000008000db0                DCMI_IRQHandler
                0x0000000008000db0                CAN2_RX0_IRQHandler
                0x0000000008000db0                DMA2_Stream3_IRQHandler
                0x0000000008000db0                USART6_IRQHandler
                0x0000000008000db0                USART3_IRQHandler
                0x0000000008000db0                CAN1_RX1_IRQHandler
                0x0000000008000db0                UART5_IRQHandler
                0x0000000008000db0                DMA2_Stream0_IRQHandler
                0x0000000008000db0                TIM4_IRQHandler
                0x0000000008000db0                I2C1_EV_IRQHandler
                0x0000000008000db0                DMA1_Stream6_IRQHandler
                0x0000000008000db0                DMA1_Stream1_IRQHandler
                0x0000000008000db0                UART4_IRQHandler
                0x0000000008000db0                TIM3_IRQHandler
                0x0000000008000db0                RCC_IRQHandler
                0x0000000008000db0                TIM8_BRK_TIM12_IRQHandler
                0x0000000008000db0                Default_Handler
                0x0000000008000db0                EXTI15_10_IRQHandler
                0x0000000008000db0                ADC_IRQHandler
                0x0000000008000db0                DMA1_Stream7_IRQHandler
                0x0000000008000db0                TIM7_IRQHandler
                0x0000000008000db0                CAN2_TX_IRQHandler
                0x0000000008000db0                TIM5_IRQHandler
                0x0000000008000db0                DMA2_Stream7_IRQHandler
                0x0000000008000db0                I2C3_EV_IRQHandler
                0x0000000008000db0                EXTI9_5_IRQHandler
                0x0000000008000db0                RTC_WKUP_IRQHandler
                0x0000000008000db0                ETH_WKUP_IRQHandler
                0x0000000008000db0                SPI2_IRQHandler
                0x0000000008000db0                OTG_HS_EP1_IN_IRQHandler
                0x0000000008000db0                DMA1_Stream0_IRQHandler
                0x0000000008000db0                CAN1_TX_IRQHandler
                0x0000000008000db0                EXTI4_IRQHandler
                0x0000000008000db0                FSMC_IRQHandler
                0x0000000008000db0                ETH_IRQHandler
                0x0000000008000db0                OTG_HS_EP1_OUT_IRQHandler
                0x0000000008000db0                WWDG_IRQHandler
                0x0000000008000db0                TIM2_IRQHandler
                0x0000000008000db0                OTG_FS_WKUP_IRQHandler
                0x0000000008000db0                TIM1_TRG_COM_TIM11_IRQHandler
                0x0000000008000db0                OTG_HS_IRQHandler
                0x0000000008000db0                EXTI1_IRQHandler
                0x0000000008000db0                USART2_IRQHandler
                0x0000000008000db0                I2C2_ER_IRQHandler
                0x0000000008000db0                DMA2_Stream1_IRQHandler
                0x0000000008000db0                CAN1_SCE_IRQHandler
                0x0000000008000db0                FLASH_IRQHandler
                0x0000000008000db0                DMA2_Stream4_IRQHandler
                0x0000000008000db0                USART1_IRQHandler
                0x0000000008000db0                OTG_FS_IRQHandler
                0x0000000008000db0                SPI3_IRQHandler
                0x0000000008000db0                DMA1_Stream4_IRQHandler
                0x0000000008000db0                I2C1_ER_IRQHandler
                0x0000000008000db0                DMA2_Stream6_IRQHandler
                0x0000000008000db0                DMA1_Stream3_IRQHandler
 *fill*         0x0000000008000db2        0x2 
 .text.HAL_Init
                0x0000000008000db4       0x44 ./Drivers/STM32F4xx_HAL_Driver/Src/stm32f4xx_hal.o
                0x0000000008000db4                HAL_Init
 .text.HAL_IncTick
                0x0000000008000df8       0x28 ./Drivers/STM32F4xx_HAL_Driver/Src/stm32f4xx_hal.o
                0x0000000008000df8                HAL_IncTick
 .text.HAL_GetTick
                0x0000000008000e20       0x18 ./Drivers/STM32F4xx_HAL_Driver/Src/stm32f4xx_hal.o
                0x0000000008000e20                HAL_GetTick
 .text.__NVIC_SetPriorityGrouping
                0x0000000008000e38       0x48 ./Drivers/STM32F4xx_HAL_Driver/Src/stm32f4xx_hal_cortex.o
 .text.__NVIC_GetPriorityGrouping
                0x0000000008000e80       0x1c ./Drivers/STM32F4xx_HAL_Driver/Src/stm32f4xx_hal_cortex.o
 .text.__NVIC_EnableIRQ
                0x0000000008000e9c       0x3c ./Drivers/STM32F4xx_HAL_Driver/Src/stm32f4xx_hal_cortex.o
 .text.__NVIC_SetPriority
                0x0000000008000ed8       0x54 ./Drivers/STM32F4xx_HAL_Driver/Src/stm32f4xx_hal_cortex.o
 .text.NVIC_EncodePriority
                0x0000000008000f2c       0x66 ./Drivers/STM32F4xx_HAL_Driver/Src/stm32f4xx_hal_cortex.o
 .text.HAL_NVIC_SetPriorityGrouping
                0x0000000008000f92       0x16 ./Drivers/STM32F4xx_HAL_Driver/Src/stm32f4xx_hal_cortex.o
                0x0000000008000f92                HAL_NVIC_SetPriorityGrouping
 .text.HAL_NVIC_SetPriority
                0x0000000008000fa8       0x38 ./Drivers/STM32F4xx_HAL_Driver/Src/stm32f4xx_hal_cortex.o
                0x0000000008000fa8                HAL_NVIC_SetPriority
 .text.HAL_NVIC_EnableIRQ
                0x0000000008000fe0       0x1c ./Drivers/STM32F4xx_HAL_Driver/Src/stm32f4xx_hal_cortex.o
                0x0000000008000fe0                HAL_NVIC_EnableIRQ
 .text.HAL_GPIO_Init
                0x0000000008000ffc      0x338 ./Drivers/STM32F4xx_HAL_Driver/Src/stm32f4xx_hal_gpio.o
                0x0000000008000ffc                HAL_GPIO_Init
 .text.HAL_GPIO_ReadPin
                0x0000000008001334       0x30 ./Drivers/STM32F4xx_HAL_Driver/Src/stm32f4xx_hal_gpio.o
                0x0000000008001334                HAL_GPIO_ReadPin
 .text.HAL_GPIO_WritePin
                0x0000000008001364       0x32 ./Drivers/STM32F4xx_HAL_Driver/Src/stm32f4xx_hal_gpio.o
                0x0000000008001364                HAL_GPIO_WritePin
 .text.HAL_GPIO_TogglePin
                0x0000000008001396       0x34 ./Drivers/STM32F4xx_HAL_Driver/Src/stm32f4xx_hal_gpio.o
                0x0000000008001396                HAL_GPIO_TogglePin
 *fill*         0x00000000080013ca        0x2 
 .text.HAL_RCC_OscConfig
                0x00000000080013cc      0x4f0 ./Drivers/STM32F4xx_HAL_Driver/Src/stm32f4xx_hal_rcc.o
                0x00000000080013cc                HAL_RCC_OscConfig
 .text.HAL_RCC_ClockConfig
                0x00000000080018bc      0x1cc ./Drivers/STM32F4xx_HAL_Driver/Src/stm32f4xx_hal_rcc.o
                0x00000000080018bc                HAL_RCC_ClockConfig
 .text.HAL_RCC_GetSysClockFreq
                0x0000000008001a88      0x1c4 ./Drivers/STM32F4xx_HAL_Driver/Src/stm32f4xx_hal_rcc.o
                0x0000000008001a88                HAL_RCC_GetSysClockFreq
 .text.HAL_RCC_GetHCLKFreq
                0x0000000008001c4c       0x18 ./Drivers/STM32F4xx_HAL_Driver/Src/stm32f4xx_hal_rcc.o
                0x0000000008001c4c                HAL_RCC_GetHCLKFreq
 .text.HAL_RCC_GetPCLK1Freq
                0x0000000008001c64       0x28 ./Drivers/STM32F4xx_HAL_Driver/Src/stm32f4xx_hal_rcc.o
                0x0000000008001c64                HAL_RCC_GetPCLK1Freq
 .text.HAL_RCC_GetClockConfig
                0x0000000008001c8c       0x64 ./Drivers/STM32F4xx_HAL_Driver/Src/stm32f4xx_hal_rcc.o
                0x0000000008001c8c                HAL_RCC_GetClockConfig
 .text.HAL_TIM_Base_Init
                0x0000000008001cf0       0x9e ./Drivers/STM32F4xx_HAL_Driver/Src/stm32f4xx_hal_tim.o
                0x0000000008001cf0                HAL_TIM_Base_Init
 .text.HAL_TIM_Base_MspInit
                0x0000000008001d8e       0x14 ./Drivers/STM32F4xx_HAL_Driver/Src/stm32f4xx_hal_tim.o
                0x0000000008001d8e                HAL_TIM_Base_MspInit
 *fill*         0x0000000008001da2        0x2 
 .text.HAL_TIM_Base_Start_IT
                0x0000000008001da4       0xe0 ./Drivers/STM32F4xx_HAL_Driver/Src/stm32f4xx_hal_tim.o
                0x0000000008001da4                HAL_TIM_Base_Start_IT
 .text.HAL_TIM_IRQHandler
                0x0000000008001e84      0x210 ./Drivers/STM32F4xx_HAL_Driver/Src/stm32f4xx_hal_tim.o
                0x0000000008001e84                HAL_TIM_IRQHandler
 .text.HAL_TIM_OC_DelayElapsedCallback
                0x0000000008002094       0x14 ./Drivers/STM32F4xx_HAL_Driver/Src/stm32f4xx_hal_tim.o
                0x0000000008002094                HAL_TIM_OC_DelayElapsedCallback
 .text.HAL_TIM_IC_CaptureCallback
                0x00000000080020a8       0x14 ./Drivers/STM32F4xx_HAL_Driver/Src/stm32f4xx_hal_tim.o
                0x00000000080020a8                HAL_TIM_IC_CaptureCallback
 .text.HAL_TIM_PWM_PulseFinishedCallback
                0x00000000080020bc       0x14 ./Drivers/STM32F4xx_HAL_Driver/Src/stm32f4xx_hal_tim.o
                0x00000000080020bc                HAL_TIM_PWM_PulseFinishedCallback
 .text.HAL_TIM_TriggerCallback
                0x00000000080020d0       0x14 ./Drivers/STM32F4xx_HAL_Driver/Src/stm32f4xx_hal_tim.o
                0x00000000080020d0                HAL_TIM_TriggerCallback
 .text.TIM_Base_SetConfig
                0x00000000080020e4      0x140 ./Drivers/STM32F4xx_HAL_Driver/Src/stm32f4xx_hal_tim.o
                0x00000000080020e4                TIM_Base_SetConfig
 .text.HAL_TIMEx_CommutCallback
                0x0000000008002224       0x14 ./Drivers/STM32F4xx_HAL_Driver/Src/stm32f4xx_hal_tim_ex.o
                0x0000000008002224                HAL_TIMEx_CommutCallback
 .text.HAL_TIMEx_BreakCallback
                0x0000000008002238       0x14 ./Drivers/STM32F4xx_HAL_Driver/Src/stm32f4xx_hal_tim_ex.o
                0x0000000008002238                HAL_TIMEx_BreakCallback
 .text.vListInitialise
                0x000000000800224c       0x40 ./common/ThirdParty/FreeRTOS/list.o
                0x000000000800224c                vListInitialise
 .text.vListInitialiseItem
                0x000000000800228c       0x1a ./common/ThirdParty/FreeRTOS/list.o
                0x000000000800228c                vListInitialiseItem
 .text.vListInsertEnd
                0x00000000080022a6       0x48 ./common/ThirdParty/FreeRTOS/list.o
                0x00000000080022a6                vListInsertEnd
 .text.vListInsert
                0x00000000080022ee       0x72 ./common/ThirdParty/FreeRTOS/list.o
                0x00000000080022ee                vListInsert
 .text.uxListRemove
                0x0000000008002360       0x54 ./common/ThirdParty/FreeRTOS/list.o
                0x0000000008002360                uxListRemove
 .text.xTaskCreate
                0x00000000080023b4       0x82 ./common/ThirdParty/FreeRTOS/tasks.o
                0x00000000080023b4                xTaskCreate
 .text.prvInitialiseNewTask
                0x0000000008002436      0x12c ./common/ThirdParty/FreeRTOS/tasks.o
 *fill*         0x0000000008002562        0x2 
 .text.prvAddNewTaskToReadyList
                0x0000000008002564      0x118 ./common/ThirdParty/FreeRTOS/tasks.o
 .text.vTaskDelete
                0x000000000800267c      0x154 ./common/ThirdParty/FreeRTOS/tasks.o
                0x000000000800267c                vTaskDelete
 .text.vTaskDelay
                0x00000000080027d0       0x70 ./common/ThirdParty/FreeRTOS/tasks.o
                0x00000000080027d0                vTaskDelay
 .text.vTaskStartScheduler
                0x0000000008002840       0xb8 ./common/ThirdParty/FreeRTOS/tasks.o
                0x0000000008002840                vTaskStartScheduler
 .text.vTaskSuspendAll
                0x00000000080028f8       0x1c ./common/ThirdParty/FreeRTOS/tasks.o
                0x00000000080028f8                vTaskSuspendAll
 .text.xTaskResumeAll
                0x0000000008002914      0x140 ./common/ThirdParty/FreeRTOS/tasks.o
                0x0000000008002914                xTaskResumeAll
 .text.xTaskGetTickCountFromISR
                0x0000000008002a54       0x24 ./common/ThirdParty/FreeRTOS/tasks.o
                0x0000000008002a54                xTaskGetTickCountFromISR
 .text.xTaskIncrementTick
                0x0000000008002a78      0x178 ./common/ThirdParty/FreeRTOS/tasks.o
                0x0000000008002a78                xTaskIncrementTick
 .text.vTaskSwitchContext
                0x0000000008002bf0       0xd4 ./common/ThirdParty/FreeRTOS/tasks.o
                0x0000000008002bf0                vTaskSwitchContext
 .text.prvIdleTask
                0x0000000008002cc4       0x30 ./common/ThirdParty/FreeRTOS/tasks.o
 .text.prvInitialiseTaskLists
                0x0000000008002cf4       0x80 ./common/ThirdParty/FreeRTOS/tasks.o
 .text.prvCheckTasksWaitingTermination
                0x0000000008002d74       0x5c ./common/ThirdParty/FreeRTOS/tasks.o
 .text.prvDeleteTCB
                0x0000000008002dd0       0x20 ./common/ThirdParty/FreeRTOS/tasks.o
 .text.prvResetNextTaskUnblockTime
                0x0000000008002df0       0x38 ./common/ThirdParty/FreeRTOS/tasks.o
 .text.xTaskGenericNotifyWait
                0x0000000008002e28      0x110 ./common/ThirdParty/FreeRTOS/tasks.o
                0x0000000008002e28                xTaskGenericNotifyWait
 .text.xTaskGenericNotify
                0x0000000008002f38      0x1e4 ./common/ThirdParty/FreeRTOS/tasks.o
                0x0000000008002f38                xTaskGenericNotify
 .text.prvAddCurrentTaskToDelayedList
                0x000000000800311c       0xf0 ./common/ThirdParty/FreeRTOS/tasks.o
 .text.pxPortInitialiseStack
                0x000000000800320c       0x68 ./common/ThirdParty/FreeRTOS/portable/GCC/ARM_CM4F/port.o
                0x000000000800320c                pxPortInitialiseStack
 .text.prvTaskExitError
                0x0000000008003274       0x58 ./common/ThirdParty/FreeRTOS/portable/GCC/ARM_CM4F/port.o
 *fill*         0x00000000080032cc        0x4 
 .text.SVC_Handler
                0x00000000080032d0       0x28 ./common/ThirdParty/FreeRTOS/portable/GCC/ARM_CM4F/port.o
                0x00000000080032d0                SVC_Handler
 .text.prvPortStartFirstTask
                0x00000000080032f8       0x2c ./common/ThirdParty/FreeRTOS/portable/GCC/ARM_CM4F/port.o
 .text.xPortStartScheduler
                0x0000000008003324      0x144 ./common/ThirdParty/FreeRTOS/portable/GCC/ARM_CM4F/port.o
                0x0000000008003324                xPortStartScheduler
 .text.vInitPrioGroupValue
                0x0000000008003468       0xfc ./common/ThirdParty/FreeRTOS/portable/GCC/ARM_CM4F/port.o
                0x0000000008003468                vInitPrioGroupValue
 .text.vPortEnterCritical
                0x0000000008003564       0x60 ./common/ThirdParty/FreeRTOS/portable/GCC/ARM_CM4F/port.o
                0x0000000008003564                vPortEnterCritical
 .text.vPortExitCritical
                0x00000000080035c4       0x54 ./common/ThirdParty/FreeRTOS/portable/GCC/ARM_CM4F/port.o
                0x00000000080035c4                vPortExitCritical
 *fill*         0x0000000008003618        0x8 
 .text.PendSV_Handler
                0x0000000008003620       0x68 ./common/ThirdParty/FreeRTOS/portable/GCC/ARM_CM4F/port.o
                0x0000000008003620                PendSV_Handler
 .text.SysTick_Handler
                0x0000000008003688       0x54 ./common/ThirdParty/FreeRTOS/portable/GCC/ARM_CM4F/port.o
                0x0000000008003688                SysTick_Handler
 .text.vPortSetupTimerInterrupt
                0x00000000080036dc       0x48 ./common/ThirdParty/FreeRTOS/portable/GCC/ARM_CM4F/port.o
                0x00000000080036dc                vPortSetupTimerInterrupt
 .text.vPortEnableVFP
                0x0000000008003724       0x18 ./common/ThirdParty/FreeRTOS/portable/GCC/ARM_CM4F/port.o
 .text.vPortValidateInterruptPriority
                0x000000000800373c       0x80 ./common/ThirdParty/FreeRTOS/portable/GCC/ARM_CM4F/port.o
                0x000000000800373c                vPortValidateInterruptPriority
 .text.pvPortMalloc
                0x00000000080037bc      0x1c0 ./common/ThirdParty/FreeRTOS/portable/MemMang/heap_4.o
                0x00000000080037bc                pvPortMalloc
 .text.vPortFree
                0x000000000800397c       0xc4 ./common/ThirdParty/FreeRTOS/portable/MemMang/heap_4.o
                0x000000000800397c                vPortFree
 .text.prvHeapInit
                0x0000000008003a40       0xc4 ./common/ThirdParty/FreeRTOS/portable/MemMang/heap_4.o
 .text.prvInsertBlockIntoFreeList
                0x0000000008003b04       0xb4 ./common/ThirdParty/FreeRTOS/portable/MemMang/heap_4.o
 .text._cbSendSystemDesc
                0x0000000008003bb8       0x1c ./common/ThirdParty/SEGGER/Config/SEGGER_SYSVIEW_Config_FreeRTOS.o
 .text.SEGGER_SYSVIEW_Conf
                0x0000000008003bd4       0x2c ./common/ThirdParty/SEGGER/Config/SEGGER_SYSVIEW_Config_FreeRTOS.o
                0x0000000008003bd4                SEGGER_SYSVIEW_Conf
 .text._cbSendTaskList
                0x0000000008003c00       0x90 ./common/ThirdParty/SEGGER/OS/SEGGER_SYSVIEW_FreeRTOS.o
 .text._cbGetTime
                0x0000000008003c90       0x78 ./common/ThirdParty/SEGGER/OS/SEGGER_SYSVIEW_FreeRTOS.o
 .text.SYSVIEW_AddTask
                0x0000000008003d08       0xd0 ./common/ThirdParty/SEGGER/OS/SEGGER_SYSVIEW_FreeRTOS.o
                0x0000000008003d08                SYSVIEW_AddTask
 .text.SYSVIEW_DeleteTask
                0x0000000008003dd8      0x178 ./common/ThirdParty/SEGGER/OS/SEGGER_SYSVIEW_FreeRTOS.o
                0x0000000008003dd8                SYSVIEW_DeleteTask
 .text.SYSVIEW_SendTaskInfo
                0x0000000008003f50       0x42 ./common/ThirdParty/SEGGER/OS/SEGGER_SYSVIEW_FreeRTOS.o
                0x0000000008003f50                SYSVIEW_SendTaskInfo
 *fill*         0x0000000008003f92        0x2 
 .text._DoInit  0x0000000008003f94       0xb0 ./common/ThirdParty/SEGGER/SEGGER/SEGGER_RTT.o
 .text.SEGGER_RTT_ReadNoLock
                0x0000000008004044      0x10c ./common/ThirdParty/SEGGER/SEGGER/SEGGER_RTT.o
                0x0000000008004044                SEGGER_RTT_ReadNoLock
 .text.SEGGER_RTT_AllocUpBuffer
                0x0000000008004150      0x108 ./common/ThirdParty/SEGGER/SEGGER/SEGGER_RTT.o
                0x0000000008004150                SEGGER_RTT_AllocUpBuffer
 .text.SEGGER_RTT_ConfigDownBuffer
                0x0000000008004258       0x98 ./common/ThirdParty/SEGGER/SEGGER/SEGGER_RTT.o
                0x0000000008004258                SEGGER_RTT_ConfigDownBuffer
 .text._EncodeStr
                0x00000000080042f0       0xa0 ./common/ThirdParty/SEGGER/SEGGER/SEGGER_SYSVIEW.o
 .text._PreparePacket
                0x0000000008004390       0x18 ./common/ThirdParty/SEGGER/SEGGER/SEGGER_SYSVIEW.o
 .text._HandleIncomingPacket
                0x00000000080043a8       0xe4 ./common/ThirdParty/SEGGER/SEGGER/SEGGER_SYSVIEW.o
 .text._TrySendOverflowPacket
                0x000000000800448c       0xe4 ./common/ThirdParty/SEGGER/SEGGER/SEGGER_SYSVIEW.o
 .text._SendPacket
                0x0000000008004570      0x1cc ./common/ThirdParty/SEGGER/SEGGER/SEGGER_SYSVIEW.o
 .text._StoreChar
                0x000000000800473c       0xf6 ./common/ThirdParty/SEGGER/SEGGER/SEGGER_SYSVIEW.o
 *fill*         0x0000000008004832        0x2 
 .text._PrintUnsigned
                0x0000000008004834      0x12c ./common/ThirdParty/SEGGER/SEGGER/SEGGER_SYSVIEW.o
 .text._PrintInt
                0x0000000008004960      0x11e ./common/ThirdParty/SEGGER/SEGGER/SEGGER_SYSVIEW.o
 *fill*         0x0000000008004a7e        0x2 
 .text._VPrintTarget
                0x0000000008004a80      0x3f0 ./common/ThirdParty/SEGGER/SEGGER/SEGGER_SYSVIEW.o
 .text.SEGGER_SYSVIEW_Init
                0x0000000008004e70       0x88 ./common/ThirdParty/SEGGER/SEGGER/SEGGER_SYSVIEW.o
                0x0000000008004e70                SEGGER_SYSVIEW_Init
 .text.SEGGER_SYSVIEW_SetRAMBase
                0x0000000008004ef8       0x20 ./common/ThirdParty/SEGGER/SEGGER/SEGGER_SYSVIEW.o
                0x0000000008004ef8                SEGGER_SYSVIEW_SetRAMBase
 .text.SEGGER_SYSVIEW_RecordVoid
                0x0000000008004f18       0x3c ./common/ThirdParty/SEGGER/SEGGER/SEGGER_SYSVIEW.o
                0x0000000008004f18                SEGGER_SYSVIEW_RecordVoid
 .text.SEGGER_SYSVIEW_RecordU32
                0x0000000008004f54       0x78 ./common/ThirdParty/SEGGER/SEGGER/SEGGER_SYSVIEW.o
                0x0000000008004f54                SEGGER_SYSVIEW_RecordU32
 .text.SEGGER_SYSVIEW_RecordU32x2
                0x0000000008004fcc       0xb4 ./common/ThirdParty/SEGGER/SEGGER/SEGGER_SYSVIEW.o
                0x0000000008004fcc                SEGGER_SYSVIEW_RecordU32x2
 .text.SEGGER_SYSVIEW_RecordU32x4
                0x0000000008005080      0x124 ./common/ThirdParty/SEGGER/SEGGER/SEGGER_SYSVIEW.o
                0x0000000008005080                SEGGER_SYSVIEW_RecordU32x4
 .text.SEGGER_SYSVIEW_Start
                0x00000000080051a4      0x174 ./common/ThirdParty/SEGGER/SEGGER/SEGGER_SYSVIEW.o
                0x00000000080051a4                SEGGER_SYSVIEW_Start
 .text.SEGGER_SYSVIEW_Stop
                0x0000000008005318       0x4c ./common/ThirdParty/SEGGER/SEGGER/SEGGER_SYSVIEW.o
                0x0000000008005318                SEGGER_SYSVIEW_Stop
 .text.SEGGER_SYSVIEW_GetSysDesc
                0x0000000008005364      0x134 ./common/ThirdParty/SEGGER/SEGGER/SEGGER_SYSVIEW.o
                0x0000000008005364                SEGGER_SYSVIEW_GetSysDesc
 .text.SEGGER_SYSVIEW_SendTaskInfo
                0x0000000008005498      0x1c8 ./common/ThirdParty/SEGGER/SEGGER/SEGGER_SYSVIEW.o
                0x0000000008005498                SEGGER_SYSVIEW_SendTaskInfo
 .text.SEGGER_SYSVIEW_SendTaskList
                0x0000000008005660       0x28 ./common/ThirdParty/SEGGER/SEGGER/SEGGER_SYSVIEW.o
                0x0000000008005660                SEGGER_SYSVIEW_SendTaskList
 .text.SEGGER_SYSVIEW_SendSysDesc
                0x0000000008005688       0x48 ./common/ThirdParty/SEGGER/SEGGER/SEGGER_SYSVIEW.o
                0x0000000008005688                SEGGER_SYSVIEW_SendSysDesc
 .text.SEGGER_SYSVIEW_RecordSystime
                0x00000000080056d0       0x64 ./common/ThirdParty/SEGGER/SEGGER/SEGGER_SYSVIEW.o
                0x00000000080056d0                SEGGER_SYSVIEW_RecordSystime
 .text.SEGGER_SYSVIEW_RecordEnterISR
                0x0000000008005734       0x84 ./common/ThirdParty/SEGGER/SEGGER/SEGGER_SYSVIEW.o
                0x0000000008005734                SEGGER_SYSVIEW_RecordEnterISR
 .text.SEGGER_SYSVIEW_RecordExitISR
                0x00000000080057b8       0x38 ./common/ThirdParty/SEGGER/SEGGER/SEGGER_SYSVIEW.o
                0x00000000080057b8                SEGGER_SYSVIEW_RecordExitISR
 .text.SEGGER_SYSVIEW_RecordExitISRToScheduler
                0x00000000080057f0       0x38 ./common/ThirdParty/SEGGER/SEGGER/SEGGER_SYSVIEW.o
                0x00000000080057f0                SEGGER_SYSVIEW_RecordExitISRToScheduler
 .text.SEGGER_SYSVIEW_OnIdle
                0x0000000008005828       0x38 ./common/ThirdParty/SEGGER/SEGGER/SEGGER_SYSVIEW.o
                0x0000000008005828                SEGGER_SYSVIEW_OnIdle
 .text.SEGGER_SYSVIEW_OnTaskCreate
                0x0000000008005860       0x84 ./common/ThirdParty/SEGGER/SEGGER/SEGGER_SYSVIEW.o
                0x0000000008005860                SEGGER_SYSVIEW_OnTaskCreate
 .text.SEGGER_SYSVIEW_OnTaskStartExec
                0x00000000080058e4       0x84 ./common/ThirdParty/SEGGER/SEGGER/SEGGER_SYSVIEW.o
                0x00000000080058e4                SEGGER_SYSVIEW_OnTaskStartExec
 .text.SEGGER_SYSVIEW_OnTaskStartReady
                0x0000000008005968       0x84 ./common/ThirdParty/SEGGER/SEGGER/SEGGER_SYSVIEW.o
                0x0000000008005968                SEGGER_SYSVIEW_OnTaskStartReady
 .text.SEGGER_SYSVIEW_OnTaskStopReady
                0x00000000080059ec       0xc0 ./common/ThirdParty/SEGGER/SEGGER/SEGGER_SYSVIEW.o
                0x00000000080059ec                SEGGER_SYSVIEW_OnTaskStopReady
 .text.SEGGER_SYSVIEW_ShrinkId
                0x0000000008005aac       0x20 ./common/ThirdParty/SEGGER/SEGGER/SEGGER_SYSVIEW.o
                0x0000000008005aac                SEGGER_SYSVIEW_ShrinkId
 .text.SEGGER_SYSVIEW_SendModule
                0x0000000008005acc      0x100 ./common/ThirdParty/SEGGER/SEGGER/SEGGER_SYSVIEW.o
                0x0000000008005acc                SEGGER_SYSVIEW_SendModule
 .text.SEGGER_SYSVIEW_SendModuleDescription
                0x0000000008005bcc       0x3c ./common/ThirdParty/SEGGER/SEGGER/SEGGER_SYSVIEW.o
                0x0000000008005bcc                SEGGER_SYSVIEW_SendModuleDescription
 .text.SEGGER_SYSVIEW_SendNumModules
                0x0000000008005c08       0x7c ./common/ThirdParty/SEGGER/SEGGER/SEGGER_SYSVIEW.o
                0x0000000008005c08                SEGGER_SYSVIEW_SendNumModules
 .text.SEGGER_SYSVIEW_PrintfTarget
                0x0000000008005c84       0x28 ./common/ThirdParty/SEGGER/SEGGER/SEGGER_SYSVIEW.o
                0x0000000008005c84                SEGGER_SYSVIEW_PrintfTarget
 .text.SEGGER_SYSVIEW_Warn
                0x0000000008005cac       0xb8 ./common/ThirdParty/SEGGER/SEGGER/SEGGER_SYSVIEW.o
                0x0000000008005cac                SEGGER_SYSVIEW_Warn
 .text.__libc_init_array
                0x0000000008005d64       0x48 c:/st/stm32cubeide_1.7.0/stm32cubeide/plugins/com.st.stm32cube.ide.mcu.externaltools.gnu-tools-for-stm32.9-2020-q2-update.win32_2.0.0.202105311346/tools/bin/../lib/gcc/arm-none-eabi/9.3.1/../../../../arm-none-eabi/lib/thumb/v7e-m+fp/hard\libc_nano.a(lib_a-init.o)
                0x0000000008005d64                __libc_init_array
 .text.memcmp   0x0000000008005dac       0x1c c:/st/stm32cubeide_1.7.0/stm32cubeide/plugins/com.st.stm32cube.ide.mcu.externaltools.gnu-tools-for-stm32.9-2020-q2-update.win32_2.0.0.202105311346/tools/bin/../lib/gcc/arm-none-eabi/9.3.1/../../../../arm-none-eabi/lib/thumb/v7e-m+fp/hard\libc_nano.a(lib_a-memcmp.o)
                0x0000000008005dac                memcmp
 .text.memcpy   0x0000000008005dc8       0x1c c:/st/stm32cubeide_1.7.0/stm32cubeide/plugins/com.st.stm32cube.ide.mcu.externaltools.gnu-tools-for-stm32.9-2020-q2-update.win32_2.0.0.202105311346/tools/bin/../lib/gcc/arm-none-eabi/9.3.1/../../../../arm-none-eabi/lib/thumb/v7e-m+fp/hard\libc_nano.a(lib_a-memcpy-stub.o)
                0x0000000008005dc8                memcpy
 .text.memset   0x0000000008005de4       0x10 c:/st/stm32cubeide_1.7.0/stm32cubeide/plugins/com.st.stm32cube.ide.mcu.externaltools.gnu-tools-for-stm32.9-2020-q2-update.win32_2.0.0.202105311346/tools/bin/../lib/gcc/arm-none-eabi/9.3.1/../../../../arm-none-eabi/lib/thumb/v7e-m+fp/hard\libc_nano.a(lib_a-memset.o)
                0x0000000008005de4                memset
 *(.glue_7)
 .glue_7        0x0000000008005df4        0x0 linker stubs
 *(.glue_7t)
 .glue_7t       0x0000000008005df4        0x0 linker stubs
 *(.eh_frame)
 .eh_frame      0x0000000008005df4        0x0 c:/st/stm32cubeide_1.7.0/stm32cubeide/plugins/com.st.stm32cube.ide.mcu.externaltools.gnu-tools-for-stm32.9-2020-q2-update.win32_2.0.0.202105311346/tools/bin/../lib/gcc/arm-none-eabi/9.3.1/thumb/v7e-m+fp/hard/crtbegin.o
 *(.init)
 .init          0x0000000008005df4        0x4 c:/st/stm32cubeide_1.7.0/stm32cubeide/plugins/com.st.stm32cube.ide.mcu.externaltools.gnu-tools-for-stm32.9-2020-q2-update.win32_2.0.0.202105311346/tools/bin/../lib/gcc/arm-none-eabi/9.3.1/thumb/v7e-m+fp/hard/crti.o
                0x0000000008005df4                _init
 .init          0x0000000008005df8        0x8 c:/st/stm32cubeide_1.7.0/stm32cubeide/plugins/com.st.stm32cube.ide.mcu.externaltools.gnu-tools-for-stm32.9-2020-q2-update.win32_2.0.0.202105311346/tools/bin/../lib/gcc/arm-none-eabi/9.3.1/thumb/v7e-m+fp/hard/crtn.o
 *(.fini)
 .fini          0x0000000008005e00        0x4 c:/st/stm32cubeide_1.7.0/stm32cubeide/plugins/com.st.stm32cube.ide.mcu.externaltools.gnu-tools-for-stm32.9-2020-q2-update.win32_2.0.0.202105311346/tools/bin/../lib/gcc/arm-none-eabi/9.3.1/thumb/v7e-m+fp/hard/crti.o
                0x0000000008005e00                _fini
 .fini          0x0000000008005e04        0x8 c:/st/stm32cubeide_1.7.0/stm32cubeide/plugins/com.st.stm32cube.ide.mcu.externaltools.gnu-tools-for-stm32.9-2020-q2-update.win32_2.0.0.202105311346/tools/bin/../lib/gcc/arm-none-eabi/9.3.1/thumb/v7e-m+fp/hard/crtn.o
                0x0000000008005e0c                . = ALIGN (0x4)
                0x0000000008005e0c                _etext = .

.vfp11_veneer   0x0000000008005e0c        0x0
 .vfp11_veneer  0x0000000008005e0c        0x0 linker stubs

.v4_bx          0x0000000008005e0c        0x0
 .v4_bx         0x0000000008005e0c        0x0 linker stubs

.iplt           0x0000000008005e0c        0x0
 .iplt          0x0000000008005e0c        0x0 c:/st/stm32cubeide_1.7.0/stm32cubeide/plugins/com.st.stm32cube.ide.mcu.externaltools.gnu-tools-for-stm32.9-2020-q2-update.win32_2.0.0.202105311346/tools/bin/../lib/gcc/arm-none-eabi/9.3.1/thumb/v7e-m+fp/hard/crtbegin.o

.rodata         0x0000000008005e0c      0x1cc
                0x0000000008005e0c                . = ALIGN (0x4)
 *(.rodata)
 .rodata        0x0000000008005e0c       0xbc ./Core/Src/main.o
 .rodata        0x0000000008005ec8        0x5 ./common/ThirdParty/FreeRTOS/tasks.o
 *fill*         0x0000000008005ecd        0x3 
 .rodata        0x0000000008005ed0       0x51 ./common/ThirdParty/SEGGER/Config/SEGGER_SYSVIEW_Config_FreeRTOS.o
 *fill*         0x0000000008005f21        0x3 
 .rodata        0x0000000008005f24       0x58 ./common/ThirdParty/SEGGER/OS/SEGGER_SYSVIEW_FreeRTOS.o
 .rodata        0x0000000008005f7c       0x17 ./common/ThirdParty/SEGGER/SEGGER/SEGGER_RTT.o
 *fill*         0x0000000008005f93        0x1 
 .rodata        0x0000000008005f94        0x8 ./common/ThirdParty/SEGGER/SEGGER/SEGGER_SYSVIEW.o
 *(.rodata*)
 .rodata.AHBPrescTable
                0x0000000008005f9c       0x10 ./Core/Src/system_stm32f4xx.o
                0x0000000008005f9c                AHBPrescTable
 .rodata.APBPrescTable
                0x0000000008005fac        0x8 ./Core/Src/system_stm32f4xx.o
                0x0000000008005fac                APBPrescTable
 .rodata.SYSVIEW_X_OS_TraceAPI
                0x0000000008005fb4        0x8 ./common/ThirdParty/SEGGER/OS/SEGGER_SYSVIEW_FreeRTOS.o
                0x0000000008005fb4                SYSVIEW_X_OS_TraceAPI
 .rodata._abSync
                0x0000000008005fbc        0xa ./common/ThirdParty/SEGGER/SEGGER/SEGGER_SYSVIEW.o
 *fill*         0x0000000008005fc6        0x2 
 .rodata._aV2C.7072
                0x0000000008005fc8       0x10 ./common/ThirdParty/SEGGER/SEGGER/SEGGER_SYSVIEW.o
                0x0000000008005fd8                . = ALIGN (0x4)

.ARM.extab      0x0000000008005fd8        0x0
                0x0000000008005fd8                . = ALIGN (0x4)
 *(.ARM.extab* .gnu.linkonce.armextab.*)
                0x0000000008005fd8                . = ALIGN (0x4)

.ARM            0x0000000008005fd8        0x8
                0x0000000008005fd8                . = ALIGN (0x4)
                0x0000000008005fd8                __exidx_start = .
 *(.ARM.exidx*)
 .ARM.exidx     0x0000000008005fd8        0x8 c:/st/stm32cubeide_1.7.0/stm32cubeide/plugins/com.st.stm32cube.ide.mcu.externaltools.gnu-tools-for-stm32.9-2020-q2-update.win32_2.0.0.202105311346/tools/bin/../lib/gcc/arm-none-eabi/9.3.1/thumb/v7e-m+fp/hard\libgcc.a(_udivmoddi4.o)
                0x0000000008005fe0                __exidx_end = .
                0x0000000008005fe0                . = ALIGN (0x4)

.rel.dyn        0x0000000008005fe0        0x0
 .rel.iplt      0x0000000008005fe0        0x0 c:/st/stm32cubeide_1.7.0/stm32cubeide/plugins/com.st.stm32cube.ide.mcu.externaltools.gnu-tools-for-stm32.9-2020-q2-update.win32_2.0.0.202105311346/tools/bin/../lib/gcc/arm-none-eabi/9.3.1/thumb/v7e-m+fp/hard/crtbegin.o

.preinit_array  0x0000000008005fe0        0x0
                0x0000000008005fe0                . = ALIGN (0x4)
                0x0000000008005fe0                PROVIDE (__preinit_array_start = .)
 *(.preinit_array*)
                0x0000000008005fe0                PROVIDE (__preinit_array_end = .)
                0x0000000008005fe0                . = ALIGN (0x4)

.init_array     0x0000000008005fe0        0x4
                0x0000000008005fe0                . = ALIGN (0x4)
                0x0000000008005fe0                PROVIDE (__init_array_start = .)
 *(SORT_BY_NAME(.init_array.*))
 *(.init_array*)
 .init_array    0x0000000008005fe0        0x4 c:/st/stm32cubeide_1.7.0/stm32cubeide/plugins/com.st.stm32cube.ide.mcu.externaltools.gnu-tools-for-stm32.9-2020-q2-update.win32_2.0.0.202105311346/tools/bin/../lib/gcc/arm-none-eabi/9.3.1/thumb/v7e-m+fp/hard/crtbegin.o
                0x0000000008005fe4                PROVIDE (__init_array_end = .)
                0x0000000008005fe4                . = ALIGN (0x4)

.fini_array     0x0000000008005fe4        0x4
                0x0000000008005fe4                . = ALIGN (0x4)
                [!provide]                        PROVIDE (__fini_array_start = .)
 *(SORT_BY_NAME(.fini_array.*))
 *(.fini_array*)
 .fini_array    0x0000000008005fe4        0x4 c:/st/stm32cubeide_1.7.0/stm32cubeide/plugins/com.st.stm32cube.ide.mcu.externaltools.gnu-tools-for-stm32.9-2020-q2-update.win32_2.0.0.202105311346/tools/bin/../lib/gcc/arm-none-eabi/9.3.1/thumb/v7e-m+fp/hard/crtbegin.o
                [!provide]                        PROVIDE (__fini_array_end = .)
                0x0000000008005fe8                . = ALIGN (0x4)
                0x0000000008005fe8                _sidata = LOADADDR (.data)

.data           0x0000000020000000       0x14 load address 0x0000000008005fe8
                0x0000000020000000                . = ALIGN (0x4)
                0x0000000020000000                _sdata = .
 *(.data)
 *(.data*)
 .data.SystemCoreClock
                0x0000000020000000        0x4 ./Core/Src/system_stm32f4xx.o
                0x0000000020000000                SystemCoreClock
 .data.uwTickPrio
                0x0000000020000004        0x4 ./Drivers/STM32F4xx_HAL_Driver/Src/stm32f4xx_hal.o
                0x0000000020000004                uwTickPrio
 .data.uwTickFreq
                0x0000000020000008        0x1 ./Drivers/STM32F4xx_HAL_Driver/Src/stm32f4xx_hal.o
                0x0000000020000008                uwTickFreq
 *fill*         0x0000000020000009        0x3 
 .data.uxTopUsedPriority
                0x000000002000000c        0x4 ./common/ThirdParty/FreeRTOS/tasks.o
                0x000000002000000c                uxTopUsedPriority
 .data.uxCriticalNesting
                0x0000000020000010        0x4 ./common/ThirdParty/FreeRTOS/portable/GCC/ARM_CM4F/port.o
 *(.RamFunc)
 *(.RamFunc*)
                0x0000000020000014                . = ALIGN (0x4)
                0x0000000020000014                _edata = .
                0x0000000008005ffc                _siccmram = LOADADDR (.ccmram)

.igot.plt       0x0000000020000014        0x0 load address 0x0000000008005ffc
 .igot.plt      0x0000000020000014        0x0 c:/st/stm32cubeide_1.7.0/stm32cubeide/plugins/com.st.stm32cube.ide.mcu.externaltools.gnu-tools-for-stm32.9-2020-q2-update.win32_2.0.0.202105311346/tools/bin/../lib/gcc/arm-none-eabi/9.3.1/thumb/v7e-m+fp/hard/crtbegin.o

.ccmram         0x0000000010000000        0x0 load address 0x0000000008005ffc
                0x0000000010000000                . = ALIGN (0x4)
                0x0000000010000000                _sccmram = .
 *(.ccmram)
 *(.ccmram*)
                0x0000000010000000                . = ALIGN (0x4)
                0x0000000010000000                _eccmram = .
                0x0000000010000000                . = ALIGN (0x4)

.bss            0x0000000020000014    0x14420
                0x0000000020000014                _sbss = .
                0x0000000020000014                __bss_start__ = _sbss
 *(.bss)
 .bss           0x0000000020000014       0x1c c:/st/stm32cubeide_1.7.0/stm32cubeide/plugins/com.st.stm32cube.ide.mcu.externaltools.gnu-tools-for-stm32.9-2020-q2-update.win32_2.0.0.202105311346/tools/bin/../lib/gcc/arm-none-eabi/9.3.1/thumb/v7e-m+fp/hard/crtbegin.o
 *(.bss*)
 .bss.next_task_handle
                0x0000000020000030        0x4 ./Core/Src/main.o
                0x0000000020000030                next_task_handle
 .bss.pxCurrentTCB
                0x0000000020000034        0x4 ./common/ThirdParty/FreeRTOS/tasks.o
                0x0000000020000034                pxCurrentTCB
 .bss.pxReadyTasksLists
                0x0000000020000038       0x64 ./common/ThirdParty/FreeRTOS/tasks.o
 .bss.xDelayedTaskList1
                0x000000002000009c       0x14 ./common/ThirdParty/FreeRTOS/tasks.o
 .bss.xDelayedTaskList2
                0x00000000200000b0       0x14 ./common/ThirdParty/FreeRTOS/tasks.o
 .bss.pxDelayedTaskList
                0x00000000200000c4        0x4 ./common/ThirdParty/FreeRTOS/tasks.o
 .bss.pxOverflowDelayedTaskList
                0x00000000200000c8        0x4 ./common/ThirdParty/FreeRTOS/tasks.o
 .bss.xPendingReadyList
                0x00000000200000cc       0x14 ./common/ThirdParty/FreeRTOS/tasks.o
 .bss.xTasksWaitingTermination
                0x00000000200000e0       0x14 ./common/ThirdParty/FreeRTOS/tasks.o
 .bss.uxDeletedTasksWaitingCleanUp
                0x00000000200000f4        0x4 ./common/ThirdParty/FreeRTOS/tasks.o
 .bss.xSuspendedTaskList
                0x00000000200000f8       0x14 ./common/ThirdParty/FreeRTOS/tasks.o
 .bss.uxCurrentNumberOfTasks
                0x000000002000010c        0x4 ./common/ThirdParty/FreeRTOS/tasks.o
 .bss.xTickCount
                0x0000000020000110        0x4 ./common/ThirdParty/FreeRTOS/tasks.o
 .bss.uxTopReadyPriority
                0x0000000020000114        0x4 ./common/ThirdParty/FreeRTOS/tasks.o
 .bss.xSchedulerRunning
                0x0000000020000118        0x4 ./common/ThirdParty/FreeRTOS/tasks.o
 .bss.xPendedTicks
                0x000000002000011c        0x4 ./common/ThirdParty/FreeRTOS/tasks.o
 .bss.xYieldPending
                0x0000000020000120        0x4 ./common/ThirdParty/FreeRTOS/tasks.o
 .bss.xNumOfOverflows
                0x0000000020000124        0x4 ./common/ThirdParty/FreeRTOS/tasks.o
 .bss.uxTaskNumber
                0x0000000020000128        0x4 ./common/ThirdParty/FreeRTOS/tasks.o
 .bss.xNextTaskUnblockTime
                0x000000002000012c        0x4 ./common/ThirdParty/FreeRTOS/tasks.o
 .bss.xIdleTaskHandle
                0x0000000020000130        0x4 ./common/ThirdParty/FreeRTOS/tasks.o
 .bss.uxSchedulerSuspended
                0x0000000020000134        0x4 ./common/ThirdParty/FreeRTOS/tasks.o
 .bss.ucMaxSysCallPriority
                0x0000000020000138        0x1 ./common/ThirdParty/FreeRTOS/portable/GCC/ARM_CM4F/port.o
 *fill*         0x0000000020000139        0x3 
 .bss.ulMaxPRIGROUPValue
                0x000000002000013c        0x4 ./common/ThirdParty/FreeRTOS/portable/GCC/ARM_CM4F/port.o
 .bss.ucHeap    0x0000000020000140    0x12c00 ./common/ThirdParty/FreeRTOS/portable/MemMang/heap_4.o
 .bss.xStart    0x0000000020012d40        0x8 ./common/ThirdParty/FreeRTOS/portable/MemMang/heap_4.o
 .bss.pxEnd     0x0000000020012d48        0x4 ./common/ThirdParty/FreeRTOS/portable/MemMang/heap_4.o
 .bss.xFreeBytesRemaining
                0x0000000020012d4c        0x4 ./common/ThirdParty/FreeRTOS/portable/MemMang/heap_4.o
 .bss.xMinimumEverFreeBytesRemaining
                0x0000000020012d50        0x4 ./common/ThirdParty/FreeRTOS/portable/MemMang/heap_4.o
 .bss.xNumberOfSuccessfulAllocations
                0x0000000020012d54        0x4 ./common/ThirdParty/FreeRTOS/portable/MemMang/heap_4.o
 .bss.xNumberOfSuccessfulFrees
                0x0000000020012d58        0x4 ./common/ThirdParty/FreeRTOS/portable/MemMang/heap_4.o
 .bss.xBlockAllocatedBit
                0x0000000020012d5c        0x4 ./common/ThirdParty/FreeRTOS/portable/MemMang/heap_4.o
 .bss._aTasks   0x0000000020012d60       0xa0 ./common/ThirdParty/SEGGER/OS/SEGGER_SYSVIEW_FreeRTOS.o
 .bss._NumTasks
                0x0000000020012e00        0x4 ./common/ThirdParty/SEGGER/OS/SEGGER_SYSVIEW_FreeRTOS.o
 .bss._acUpBuffer
                0x0000000020012e04      0x400 ./common/ThirdParty/SEGGER/SEGGER/SEGGER_RTT.o
 .bss._acDownBuffer
                0x0000000020013204       0x10 ./common/ThirdParty/SEGGER/SEGGER/SEGGER_RTT.o
 .bss._UpBuffer
                0x0000000020013214     0x1000 ./common/ThirdParty/SEGGER/SEGGER/SEGGER_SYSVIEW.o
 .bss._DownBuffer
                0x0000000020014214        0x8 ./common/ThirdParty/SEGGER/SEGGER/SEGGER_SYSVIEW.o
 .bss._SYSVIEW_Globals
                0x000000002001421c       0x28 ./common/ThirdParty/SEGGER/SEGGER/SEGGER_SYSVIEW.o
 .bss._pFirstModule
                0x0000000020014244        0x4 ./common/ThirdParty/SEGGER/SEGGER/SEGGER_SYSVIEW.o
 .bss._NumModules
                0x0000000020014248        0x1 ./common/ThirdParty/SEGGER/SEGGER/SEGGER_SYSVIEW.o
 *fill*         0x0000000020014249        0x3 
 .bss._aPacket  0x000000002001424c       0xe3 ./common/ThirdParty/SEGGER/SEGGER/SEGGER_SYSVIEW.o
 *(COMMON)
 *fill*         0x000000002001432f        0x1 
 COMMON         0x0000000020014330       0x10 ./Core/Src/main.o
                0x0000000020014330                ledg_task_handle
                0x0000000020014334                btn_task_handle
                0x0000000020014338                ledo_task_handle
                0x000000002001433c                ledr_task_handle
 COMMON         0x0000000020014340       0x48 ./Core/Src/stm32f4xx_hal_timebase_tim.o
                0x0000000020014340                htim6
 COMMON         0x0000000020014388        0x4 ./Drivers/STM32F4xx_HAL_Driver/Src/stm32f4xx_hal.o
                0x0000000020014388                uwTick
 COMMON         0x000000002001438c       0xa8 ./common/ThirdParty/SEGGER/SEGGER/SEGGER_RTT.o
                0x000000002001438c                _SEGGER_RTT
                0x0000000020014434                . = ALIGN (0x4)
                0x0000000020014434                _ebss = .
                0x0000000020014434                __bss_end__ = _ebss

._user_heap_stack
                0x0000000020014434      0x604
                0x0000000020014438                . = ALIGN (0x8)
 *fill*         0x0000000020014434        0x4 
                [!provide]                        PROVIDE (end = .)
                0x0000000020014438                PROVIDE (_end = .)
                0x0000000020014638                . = (. + _Min_Heap_Size)
 *fill*         0x0000000020014438      0x200 
                0x0000000020014a38                . = (. + _Min_Stack_Size)
 *fill*         0x0000000020014638      0x400 
                0x0000000020014a38                . = ALIGN (0x8)

/DISCARD/
 libc.a(*)
 libm.a(*)
 libgcc.a(*)

.ARM.attributes
                0x0000000000000000       0x30
 *(.ARM.attributes)
 .ARM.attributes
                0x0000000000000000       0x1e c:/st/stm32cubeide_1.7.0/stm32cubeide/plugins/com.st.stm32cube.ide.mcu.externaltools.gnu-tools-for-stm32.9-2020-q2-update.win32_2.0.0.202105311346/tools/bin/../lib/gcc/arm-none-eabi/9.3.1/thumb/v7e-m+fp/hard/crti.o
 .ARM.attributes
                0x000000000000001e       0x34 c:/st/stm32cubeide_1.7.0/stm32cubeide/plugins/com.st.stm32cube.ide.mcu.externaltools.gnu-tools-for-stm32.9-2020-q2-update.win32_2.0.0.202105311346/tools/bin/../lib/gcc/arm-none-eabi/9.3.1/thumb/v7e-m+fp/hard/crtbegin.o
 .ARM.attributes
                0x0000000000000052       0x34 ./Core/Src/main.o
 .ARM.attributes
                0x0000000000000086       0x34 ./Core/Src/stm32f4xx_hal_msp.o
 .ARM.attributes
                0x00000000000000ba       0x34 ./Core/Src/stm32f4xx_hal_timebase_tim.o
 .ARM.attributes
                0x00000000000000ee       0x34 ./Core/Src/stm32f4xx_it.o
 .ARM.attributes
                0x0000000000000122       0x34 ./Core/Src/system_stm32f4xx.o
 .ARM.attributes
                0x0000000000000156       0x21 ./Core/Startup/startup_stm32f407vgtx.o
 .ARM.attributes
                0x0000000000000177       0x34 ./Drivers/STM32F4xx_HAL_Driver/Src/stm32f4xx_hal.o
 .ARM.attributes
                0x00000000000001ab       0x34 ./Drivers/STM32F4xx_HAL_Driver/Src/stm32f4xx_hal_cortex.o
 .ARM.attributes
                0x00000000000001df       0x34 ./Drivers/STM32F4xx_HAL_Driver/Src/stm32f4xx_hal_gpio.o
 .ARM.attributes
                0x0000000000000213       0x34 ./Drivers/STM32F4xx_HAL_Driver/Src/stm32f4xx_hal_rcc.o
 .ARM.attributes
                0x0000000000000247       0x34 ./Drivers/STM32F4xx_HAL_Driver/Src/stm32f4xx_hal_tim.o
 .ARM.attributes
                0x000000000000027b       0x34 ./Drivers/STM32F4xx_HAL_Driver/Src/stm32f4xx_hal_tim_ex.o
 .ARM.attributes
                0x00000000000002af       0x34 ./common/ThirdParty/FreeRTOS/list.o
 .ARM.attributes
                0x00000000000002e3       0x34 ./common/ThirdParty/FreeRTOS/tasks.o
 .ARM.attributes
                0x0000000000000317       0x34 ./common/ThirdParty/FreeRTOS/portable/GCC/ARM_CM4F/port.o
 .ARM.attributes
                0x000000000000034b       0x34 ./common/ThirdParty/FreeRTOS/portable/MemMang/heap_4.o
 .ARM.attributes
                0x000000000000037f       0x34 ./common/ThirdParty/SEGGER/Config/SEGGER_SYSVIEW_Config_FreeRTOS.o
 .ARM.attributes
                0x00000000000003b3       0x34 ./common/ThirdParty/SEGGER/OS/SEGGER_SYSVIEW_FreeRTOS.o
 .ARM.attributes
                0x00000000000003e7       0x34 ./common/ThirdParty/SEGGER/SEGGER/SEGGER_RTT.o
 .ARM.attributes
                0x000000000000041b       0x20 ./common/ThirdParty/SEGGER/SEGGER/SEGGER_RTT_ASM_ARMv7M.o
 .ARM.attributes
                0x000000000000043b       0x34 ./common/ThirdParty/SEGGER/SEGGER/SEGGER_SYSVIEW.o
 .ARM.attributes
                0x000000000000046f       0x34 c:/st/stm32cubeide_1.7.0/stm32cubeide/plugins/com.st.stm32cube.ide.mcu.externaltools.gnu-tools-for-stm32.9-2020-q2-update.win32_2.0.0.202105311346/tools/bin/../lib/gcc/arm-none-eabi/9.3.1/../../../../arm-none-eabi/lib/thumb/v7e-m+fp/hard\libc_nano.a(lib_a-init.o)
 .ARM.attributes
                0x00000000000004a3       0x34 c:/st/stm32cubeide_1.7.0/stm32cubeide/plugins/com.st.stm32cube.ide.mcu.externaltools.gnu-tools-for-stm32.9-2020-q2-update.win32_2.0.0.202105311346/tools/bin/../lib/gcc/arm-none-eabi/9.3.1/../../../../arm-none-eabi/lib/thumb/v7e-m+fp/hard\libc_nano.a(lib_a-memcmp.o)
 .ARM.attributes
                0x00000000000004d7       0x34 c:/st/stm32cubeide_1.7.0/stm32cubeide/plugins/com.st.stm32cube.ide.mcu.externaltools.gnu-tools-for-stm32.9-2020-q2-update.win32_2.0.0.202105311346/tools/bin/../lib/gcc/arm-none-eabi/9.3.1/../../../../arm-none-eabi/lib/thumb/v7e-m+fp/hard\libc_nano.a(lib_a-memcpy-stub.o)
 .ARM.attributes
                0x000000000000050b       0x34 c:/st/stm32cubeide_1.7.0/stm32cubeide/plugins/com.st.stm32cube.ide.mcu.externaltools.gnu-tools-for-stm32.9-2020-q2-update.win32_2.0.0.202105311346/tools/bin/../lib/gcc/arm-none-eabi/9.3.1/../../../../arm-none-eabi/lib/thumb/v7e-m+fp/hard\libc_nano.a(lib_a-memset.o)
 .ARM.attributes
                0x000000000000053f       0x1e c:/st/stm32cubeide_1.7.0/stm32cubeide/plugins/com.st.stm32cube.ide.mcu.externaltools.gnu-tools-for-stm32.9-2020-q2-update.win32_2.0.0.202105311346/tools/bin/../lib/gcc/arm-none-eabi/9.3.1/thumb/v7e-m+fp/hard\libgcc.a(_aeabi_uldivmod.o)
 .ARM.attributes
                0x000000000000055d       0x34 c:/st/stm32cubeide_1.7.0/stm32cubeide/plugins/com.st.stm32cube.ide.mcu.externaltools.gnu-tools-for-stm32.9-2020-q2-update.win32_2.0.0.202105311346/tools/bin/../lib/gcc/arm-none-eabi/9.3.1/thumb/v7e-m+fp/hard\libgcc.a(_udivmoddi4.o)
 .ARM.attributes
                0x0000000000000591       0x1e c:/st/stm32cubeide_1.7.0/stm32cubeide/plugins/com.st.stm32cube.ide.mcu.externaltools.gnu-tools-for-stm32.9-2020-q2-update.win32_2.0.0.202105311346/tools/bin/../lib/gcc/arm-none-eabi/9.3.1/thumb/v7e-m+fp/hard\libgcc.a(_dvmd_tls.o)
 .ARM.attributes
                0x00000000000005af       0x1e c:/st/stm32cubeide_1.7.0/stm32cubeide/plugins/com.st.stm32cube.ide.mcu.externaltools.gnu-tools-for-stm32.9-2020-q2-update.win32_2.0.0.202105311346/tools/bin/../lib/gcc/arm-none-eabi/9.3.1/thumb/v7e-m+fp/hard/crtn.o
OUTPUT(009LED_INTERRUPT.elf elf32-littlearm)
LOAD linker stubs
LOAD c:/st/stm32cubeide_1.7.0/stm32cubeide/plugins/com.st.stm32cube.ide.mcu.externaltools.gnu-tools-for-stm32.9-2020-q2-update.win32_2.0.0.202105311346/tools/bin/../lib/gcc/arm-none-eabi/9.3.1/../../../../arm-none-eabi/lib/thumb/v7e-m+fp/hard\libc.a
LOAD c:/st/stm32cubeide_1.7.0/stm32cubeide/plugins/com.st.stm32cube.ide.mcu.externaltools.gnu-tools-for-stm32.9-2020-q2-update.win32_2.0.0.202105311346/tools/bin/../lib/gcc/arm-none-eabi/9.3.1/../../../../arm-none-eabi/lib/thumb/v7e-m+fp/hard\libm.a
LOAD c:/st/stm32cubeide_1.7.0/stm32cubeide/plugins/com.st.stm32cube.ide.mcu.externaltools.gnu-tools-for-stm32.9-2020-q2-update.win32_2.0.0.202105311346/tools/bin/../lib/gcc/arm-none-eabi/9.3.1/thumb/v7e-m+fp/hard\libgcc.a

.debug_info     0x0000000000000000    0x15648
 .debug_info    0x0000000000000000     0x18a0 ./Core/Src/main.o
 .debug_info    0x00000000000018a0      0x3b3 ./Core/Src/stm32f4xx_hal_msp.o
 .debug_info    0x0000000000001c53      0xc6c ./Core/Src/stm32f4xx_hal_timebase_tim.o
 .debug_info    0x00000000000028bf      0x7cb ./Core/Src/stm32f4xx_it.o
 .debug_info    0x000000000000308a      0x5a4 ./Core/Src/system_stm32f4xx.o
 .debug_info    0x000000000000362e       0x22 ./Core/Startup/startup_stm32f407vgtx.o
 .debug_info    0x0000000000003650      0x9b2 ./Drivers/STM32F4xx_HAL_Driver/Src/stm32f4xx_hal.o
 .debug_info    0x0000000000004002      0xed7 ./Drivers/STM32F4xx_HAL_Driver/Src/stm32f4xx_hal_cortex.o
 .debug_info    0x0000000000004ed9      0x83e ./Drivers/STM32F4xx_HAL_Driver/Src/stm32f4xx_hal_gpio.o
 .debug_info    0x0000000000005717      0x996 ./Drivers/STM32F4xx_HAL_Driver/Src/stm32f4xx_hal_rcc.o
 .debug_info    0x00000000000060ad     0x2c22 ./Drivers/STM32F4xx_HAL_Driver/Src/stm32f4xx_hal_tim.o
 .debug_info    0x0000000000008ccf     0x15a2 ./Drivers/STM32F4xx_HAL_Driver/Src/stm32f4xx_hal_tim_ex.o
 .debug_info    0x000000000000a271      0xb9a ./common/ThirdParty/FreeRTOS/list.o
 .debug_info    0x000000000000ae0b     0x2991 ./common/ThirdParty/FreeRTOS/tasks.o
 .debug_info    0x000000000000d79c      0x5b1 ./common/ThirdParty/FreeRTOS/portable/GCC/ARM_CM4F/port.o
 .debug_info    0x000000000000dd4d      0xda4 ./common/ThirdParty/FreeRTOS/portable/MemMang/heap_4.o
 .debug_info    0x000000000000eaf1      0x131 ./common/ThirdParty/SEGGER/Config/SEGGER_SYSVIEW_Config_FreeRTOS.o
 .debug_info    0x000000000000ec22      0xc58 ./common/ThirdParty/SEGGER/OS/SEGGER_SYSVIEW_FreeRTOS.o
 .debug_info    0x000000000000f87a     0x1dc1 ./common/ThirdParty/SEGGER/SEGGER/SEGGER_RTT.o
 .debug_info    0x000000000001163b       0x26 ./common/ThirdParty/SEGGER/SEGGER/SEGGER_RTT_ASM_ARMv7M.o
 .debug_info    0x0000000000011661     0x3fe7 ./common/ThirdParty/SEGGER/SEGGER/SEGGER_SYSVIEW.o

.debug_abbrev   0x0000000000000000     0x2b2a
 .debug_abbrev  0x0000000000000000      0x330 ./Core/Src/main.o
 .debug_abbrev  0x0000000000000330      0x11d ./Core/Src/stm32f4xx_hal_msp.o
 .debug_abbrev  0x000000000000044d      0x1bf ./Core/Src/stm32f4xx_hal_timebase_tim.o
 .debug_abbrev  0x000000000000060c      0x176 ./Core/Src/stm32f4xx_it.o
 .debug_abbrev  0x0000000000000782      0x145 ./Core/Src/system_stm32f4xx.o
 .debug_abbrev  0x00000000000008c7       0x12 ./Core/Startup/startup_stm32f407vgtx.o
 .debug_abbrev  0x00000000000008d9      0x1ed ./Drivers/STM32F4xx_HAL_Driver/Src/stm32f4xx_hal.o
 .debug_abbrev  0x0000000000000ac6      0x33c ./Drivers/STM32F4xx_HAL_Driver/Src/stm32f4xx_hal_cortex.o
 .debug_abbrev  0x0000000000000e02      0x1f1 ./Drivers/STM32F4xx_HAL_Driver/Src/stm32f4xx_hal_gpio.o
 .debug_abbrev  0x0000000000000ff3      0x275 ./Drivers/STM32F4xx_HAL_Driver/Src/stm32f4xx_hal_rcc.o
 .debug_abbrev  0x0000000000001268      0x25e ./Drivers/STM32F4xx_HAL_Driver/Src/stm32f4xx_hal_tim.o
 .debug_abbrev  0x00000000000014c6      0x266 ./Drivers/STM32F4xx_HAL_Driver/Src/stm32f4xx_hal_tim_ex.o
 .debug_abbrev  0x000000000000172c      0x1f7 ./common/ThirdParty/FreeRTOS/list.o
 .debug_abbrev  0x0000000000001923      0x3a9 ./common/ThirdParty/FreeRTOS/tasks.o
 .debug_abbrev  0x0000000000001ccc      0x231 ./common/ThirdParty/FreeRTOS/portable/GCC/ARM_CM4F/port.o
 .debug_abbrev  0x0000000000001efd      0x2d3 ./common/ThirdParty/FreeRTOS/portable/MemMang/heap_4.o
 .debug_abbrev  0x00000000000021d0       0xc1 ./common/ThirdParty/SEGGER/Config/SEGGER_SYSVIEW_Config_FreeRTOS.o
 .debug_abbrev  0x0000000000002291      0x219 ./common/ThirdParty/SEGGER/OS/SEGGER_SYSVIEW_FreeRTOS.o
 .debug_abbrev  0x00000000000024aa      0x2e1 ./common/ThirdParty/SEGGER/SEGGER/SEGGER_RTT.o
 .debug_abbrev  0x000000000000278b       0x14 ./common/ThirdParty/SEGGER/SEGGER/SEGGER_RTT_ASM_ARMv7M.o
 .debug_abbrev  0x000000000000279f      0x38b ./common/ThirdParty/SEGGER/SEGGER/SEGGER_SYSVIEW.o

.debug_aranges  0x0000000000000000     0x10d0
 .debug_aranges
                0x0000000000000000       0x60 ./Core/Src/main.o
 .debug_aranges
                0x0000000000000060       0x20 ./Core/Src/stm32f4xx_hal_msp.o
 .debug_aranges
                0x0000000000000080       0x30 ./Core/Src/stm32f4xx_hal_timebase_tim.o
 .debug_aranges
                0x00000000000000b0       0x50 ./Core/Src/stm32f4xx_it.o
 .debug_aranges
                0x0000000000000100       0x28 ./Core/Src/system_stm32f4xx.o
 .debug_aranges
                0x0000000000000128       0x28 ./Core/Startup/startup_stm32f407vgtx.o
 .debug_aranges
                0x0000000000000150       0xf0 ./Drivers/STM32F4xx_HAL_Driver/Src/stm32f4xx_hal.o
 .debug_aranges
                0x0000000000000240      0x118 ./Drivers/STM32F4xx_HAL_Driver/Src/stm32f4xx_hal_cortex.o
 .debug_aranges
                0x0000000000000358       0x58 ./Drivers/STM32F4xx_HAL_Driver/Src/stm32f4xx_hal_gpio.o
 .debug_aranges
                0x00000000000003b0       0x88 ./Drivers/STM32F4xx_HAL_Driver/Src/stm32f4xx_hal_rcc.o
 .debug_aranges
                0x0000000000000438      0x3d0 ./Drivers/STM32F4xx_HAL_Driver/Src/stm32f4xx_hal_tim.o
 .debug_aranges
                0x0000000000000808      0x168 ./Drivers/STM32F4xx_HAL_Driver/Src/stm32f4xx_hal_tim_ex.o
 .debug_aranges
                0x0000000000000970       0x40 ./common/ThirdParty/FreeRTOS/list.o
 .debug_aranges
                0x00000000000009b0      0x1f8 ./common/ThirdParty/FreeRTOS/tasks.o
 .debug_aranges
                0x0000000000000ba8       0x88 ./common/ThirdParty/FreeRTOS/portable/GCC/ARM_CM4F/port.o
 .debug_aranges
                0x0000000000000c30       0x58 ./common/ThirdParty/FreeRTOS/portable/MemMang/heap_4.o
 .debug_aranges
                0x0000000000000c88       0x28 ./common/ThirdParty/SEGGER/Config/SEGGER_SYSVIEW_Config_FreeRTOS.o
 .debug_aranges
                0x0000000000000cb0       0x48 ./common/ThirdParty/SEGGER/OS/SEGGER_SYSVIEW_FreeRTOS.o
 .debug_aranges
                0x0000000000000cf8      0x138 ./common/ThirdParty/SEGGER/SEGGER/SEGGER_RTT.o
 .debug_aranges
                0x0000000000000e30       0x20 ./common/ThirdParty/SEGGER/SEGGER/SEGGER_RTT_ASM_ARMv7M.o
 .debug_aranges
                0x0000000000000e50      0x280 ./common/ThirdParty/SEGGER/SEGGER/SEGGER_SYSVIEW.o

.debug_ranges   0x0000000000000000      0xf78
 .debug_ranges  0x0000000000000000       0x50 ./Core/Src/main.o
 .debug_ranges  0x0000000000000050       0x10 ./Core/Src/stm32f4xx_hal_msp.o
 .debug_ranges  0x0000000000000060       0x20 ./Core/Src/stm32f4xx_hal_timebase_tim.o
 .debug_ranges  0x0000000000000080       0x40 ./Core/Src/stm32f4xx_it.o
 .debug_ranges  0x00000000000000c0       0x18 ./Core/Src/system_stm32f4xx.o
 .debug_ranges  0x00000000000000d8       0x20 ./Core/Startup/startup_stm32f407vgtx.o
 .debug_ranges  0x00000000000000f8       0xe0 ./Drivers/STM32F4xx_HAL_Driver/Src/stm32f4xx_hal.o
 .debug_ranges  0x00000000000001d8      0x108 ./Drivers/STM32F4xx_HAL_Driver/Src/stm32f4xx_hal_cortex.o
 .debug_ranges  0x00000000000002e0       0x48 ./Drivers/STM32F4xx_HAL_Driver/Src/stm32f4xx_hal_gpio.o
 .debug_ranges  0x0000000000000328       0x78 ./Drivers/STM32F4xx_HAL_Driver/Src/stm32f4xx_hal_rcc.o
 .debug_ranges  0x00000000000003a0      0x3c0 ./Drivers/STM32F4xx_HAL_Driver/Src/stm32f4xx_hal_tim.o
 .debug_ranges  0x0000000000000760      0x158 ./Drivers/STM32F4xx_HAL_Driver/Src/stm32f4xx_hal_tim_ex.o
 .debug_ranges  0x00000000000008b8       0x30 ./common/ThirdParty/FreeRTOS/list.o
 .debug_ranges  0x00000000000008e8      0x1e8 ./common/ThirdParty/FreeRTOS/tasks.o
 .debug_ranges  0x0000000000000ad0       0x78 ./common/ThirdParty/FreeRTOS/portable/GCC/ARM_CM4F/port.o
 .debug_ranges  0x0000000000000b48       0x48 ./common/ThirdParty/FreeRTOS/portable/MemMang/heap_4.o
 .debug_ranges  0x0000000000000b90       0x18 ./common/ThirdParty/SEGGER/Config/SEGGER_SYSVIEW_Config_FreeRTOS.o
 .debug_ranges  0x0000000000000ba8       0x38 ./common/ThirdParty/SEGGER/OS/SEGGER_SYSVIEW_FreeRTOS.o
 .debug_ranges  0x0000000000000be0      0x128 ./common/ThirdParty/SEGGER/SEGGER/SEGGER_RTT.o
 .debug_ranges  0x0000000000000d08      0x270 ./common/ThirdParty/SEGGER/SEGGER/SEGGER_SYSVIEW.o

.debug_macro    0x0000000000000000    0x23228
 .debug_macro   0x0000000000000000      0x401 ./Core/Src/main.o
 .debug_macro   0x0000000000000401      0xaa8 ./Core/Src/main.o
 .debug_macro   0x0000000000000ea9      0x295 ./Core/Src/main.o
 .debug_macro   0x000000000000113e       0x2e ./Core/Src/main.o
 .debug_macro   0x000000000000116c       0x2f ./Core/Src/main.o
 .debug_macro   0x000000000000119b       0x22 ./Core/Src/main.o
 .debug_macro   0x00000000000011bd       0x8e ./Core/Src/main.o
 .debug_macro   0x000000000000124b       0x51 ./Core/Src/main.o
 .debug_macro   0x000000000000129c      0x103 ./Core/Src/main.o
 .debug_macro   0x000000000000139f       0x6a ./Core/Src/main.o
 .debug_macro   0x0000000000001409      0x1df ./Core/Src/main.o
 .debug_macro   0x00000000000015e8       0x1c ./Core/Src/main.o
 .debug_macro   0x0000000000001604       0x22 ./Core/Src/main.o
 .debug_macro   0x0000000000001626       0xdf ./Core/Src/main.o
 .debug_macro   0x0000000000001705     0x102d ./Core/Src/main.o
 .debug_macro   0x0000000000002732      0x11f ./Core/Src/main.o
 .debug_macro   0x0000000000002851    0x15e58 ./Core/Src/main.o
 .debug_macro   0x00000000000186a9       0x6d ./Core/Src/main.o
 .debug_macro   0x0000000000018716     0x3666 ./Core/Src/main.o
 .debug_macro   0x000000000001bd7c      0x174 ./Core/Src/main.o
 .debug_macro   0x000000000001bef0       0x5c ./Core/Src/main.o
 .debug_macro   0x000000000001bf4c      0x96b ./Core/Src/main.o
 .debug_macro   0x000000000001c8b7      0x9fe ./Core/Src/main.o
 .debug_macro   0x000000000001d2b5      0x116 ./Core/Src/main.o
 .debug_macro   0x000000000001d3cb      0x13e ./Core/Src/main.o
 .debug_macro   0x000000000001d509       0xa5 ./Core/Src/main.o
 .debug_macro   0x000000000001d5ae      0x174 ./Core/Src/main.o
 .debug_macro   0x000000000001d722      0x287 ./Core/Src/main.o
 .debug_macro   0x000000000001d9a9       0x5f ./Core/Src/main.o
 .debug_macro   0x000000000001da08      0x236 ./Core/Src/main.o
 .debug_macro   0x000000000001dc3e      0x12c ./Core/Src/main.o
 .debug_macro   0x000000000001dd6a      0x21e ./Core/Src/main.o
 .debug_macro   0x000000000001df88       0x2e ./Core/Src/main.o
 .debug_macro   0x000000000001dfb6      0x11a ./Core/Src/main.o
 .debug_macro   0x000000000001e0d0       0x7e ./Core/Src/main.o
 .debug_macro   0x000000000001e14e       0x89 ./Core/Src/main.o
 .debug_macro   0x000000000001e1d7      0x8d1 ./Core/Src/main.o
 .debug_macro   0x000000000001eaa8       0x47 ./Core/Src/main.o
 .debug_macro   0x000000000001eaef      0x12d ./Core/Src/main.o
 .debug_macro   0x000000000001ec1c      0x1a5 ./Core/Src/main.o
 .debug_macro   0x000000000001edc1       0x52 ./Core/Src/main.o
 .debug_macro   0x000000000001ee13       0x18 ./Core/Src/main.o
 .debug_macro   0x000000000001ee2b       0x3c ./Core/Src/main.o
 .debug_macro   0x000000000001ee67       0x34 ./Core/Src/main.o
 .debug_macro   0x000000000001ee9b       0x16 ./Core/Src/main.o
 .debug_macro   0x000000000001eeb1       0x35 ./Core/Src/main.o
 .debug_macro   0x000000000001eee6      0x333 ./Core/Src/main.o
 .debug_macro   0x000000000001f219       0x10 ./Core/Src/main.o
 .debug_macro   0x000000000001f229       0x16 ./Core/Src/main.o
 .debug_macro   0x000000000001f23f       0x43 ./Core/Src/main.o
 .debug_macro   0x000000000001f282       0x34 ./Core/Src/main.o
 .debug_macro   0x000000000001f2b6       0x10 ./Core/Src/main.o
 .debug_macro   0x000000000001f2c6       0x58 ./Core/Src/main.o
 .debug_macro   0x000000000001f31e       0x71 ./Core/Src/main.o
 .debug_macro   0x000000000001f38f       0x1c ./Core/Src/main.o
 .debug_macro   0x000000000001f3ab      0x12a ./Core/Src/main.o
 .debug_macro   0x000000000001f4d5       0x10 ./Core/Src/main.o
 .debug_macro   0x000000000001f4e5       0x1c ./Core/Src/main.o
 .debug_macro   0x000000000001f501       0x52 ./Core/Src/main.o
 .debug_macro   0x000000000001f553       0x22 ./Core/Src/main.o
 .debug_macro   0x000000000001f575       0x10 ./Core/Src/main.o
 .debug_macro   0x000000000001f585       0x40 ./Core/Src/main.o
 .debug_macro   0x000000000001f5c5       0xd5 ./Core/Src/main.o
 .debug_macro   0x000000000001f69a       0x1c ./Core/Src/main.o
 .debug_macro   0x000000000001f6b6       0x3d ./Core/Src/main.o
 .debug_macro   0x000000000001f6f3       0x16 ./Core/Src/main.o
 .debug_macro   0x000000000001f709      0x145 ./Core/Src/main.o
 .debug_macro   0x000000000001f84e      0x113 ./Core/Src/main.o
 .debug_macro   0x000000000001f961       0x4c ./Core/Src/main.o
 .debug_macro   0x000000000001f9ad       0x46 ./Core/Src/main.o
 .debug_macro   0x000000000001f9f3       0x64 ./Core/Src/main.o
 .debug_macro   0x000000000001fa57       0x10 ./Core/Src/main.o
 .debug_macro   0x000000000001fa67       0x49 ./Core/Src/main.o
 .debug_macro   0x000000000001fab0       0xc3 ./Core/Src/main.o
 .debug_macro   0x000000000001fb73      0x204 ./Core/Src/main.o
 .debug_macro   0x000000000001fd77      0x450 ./Core/Src/main.o
 .debug_macro   0x00000000000201c7      0x15a ./Core/Src/main.o
 .debug_macro   0x0000000000020321       0xea ./Core/Src/main.o
 .debug_macro   0x000000000002040b       0x1c ./Core/Src/main.o
 .debug_macro   0x0000000000020427       0x26 ./Core/Src/main.o
 .debug_macro   0x000000000002044d      0x3d0 ./Core/Src/main.o
 .debug_macro   0x000000000002081d       0xb5 ./Core/Src/main.o
 .debug_macro   0x00000000000208d2      0x120 ./Core/Src/main.o
 .debug_macro   0x00000000000209f2      0x284 ./Core/Src/stm32f4xx_hal_msp.o
 .debug_macro   0x0000000000020c76       0x58 ./Core/Src/stm32f4xx_hal_msp.o
 .debug_macro   0x0000000000020cce      0x1c4 ./Core/Src/stm32f4xx_hal_timebase_tim.o
 .debug_macro   0x0000000000020e92      0x1dd ./Core/Src/stm32f4xx_it.o
 .debug_macro   0x000000000002106f      0x1c4 ./Core/Src/system_stm32f4xx.o
 .debug_macro   0x0000000000021233      0x224 ./Drivers/STM32F4xx_HAL_Driver/Src/stm32f4xx_hal.o
 .debug_macro   0x0000000000021457      0x1c4 ./Drivers/STM32F4xx_HAL_Driver/Src/stm32f4xx_hal_cortex.o
 .debug_macro   0x000000000002161b      0x1ca ./Drivers/STM32F4xx_HAL_Driver/Src/stm32f4xx_hal_gpio.o
 .debug_macro   0x00000000000217e5      0x1e8 ./Drivers/STM32F4xx_HAL_Driver/Src/stm32f4xx_hal_rcc.o
 .debug_macro   0x00000000000219cd      0x1c5 ./Drivers/STM32F4xx_HAL_Driver/Src/stm32f4xx_hal_tim.o
 .debug_macro   0x0000000000021b92      0x1c4 ./Drivers/STM32F4xx_HAL_Driver/Src/stm32f4xx_hal_tim_ex.o
 .debug_macro   0x0000000000021d56      0x1f4 ./common/ThirdParty/FreeRTOS/list.o
 .debug_macro   0x0000000000021f4a      0x2e1 ./common/ThirdParty/FreeRTOS/tasks.o
 .debug_macro   0x000000000002222b       0x10 ./common/ThirdParty/FreeRTOS/tasks.o
 .debug_macro   0x000000000002223b      0x1f7 ./common/ThirdParty/FreeRTOS/portable/GCC/ARM_CM4F/port.o
 .debug_macro   0x0000000000022432      0x20f ./common/ThirdParty/FreeRTOS/portable/MemMang/heap_4.o
 .debug_macro   0x0000000000022641      0x137 ./common/ThirdParty/SEGGER/Config/SEGGER_SYSVIEW_Config_FreeRTOS.o
 .debug_macro   0x0000000000022778      0x203 ./common/ThirdParty/SEGGER/OS/SEGGER_SYSVIEW_FreeRTOS.o
 .debug_macro   0x000000000002297b      0x1bd ./common/ThirdParty/SEGGER/SEGGER/SEGGER_RTT.o
 .debug_macro   0x0000000000022b38       0x34 ./common/ThirdParty/SEGGER/SEGGER/SEGGER_RTT.o
 .debug_macro   0x0000000000022b6c      0x138 ./common/ThirdParty/SEGGER/SEGGER/SEGGER_RTT.o
 .debug_macro   0x0000000000022ca4      0x212 ./common/ThirdParty/SEGGER/SEGGER/SEGGER_SYSVIEW.o
 .debug_macro   0x0000000000022eb6      0x204 ./common/ThirdParty/SEGGER/SEGGER/SEGGER_SYSVIEW.o
 .debug_macro   0x00000000000230ba      0x16e ./common/ThirdParty/SEGGER/SEGGER/SEGGER_SYSVIEW.o

.debug_line     0x0000000000000000    0x12a76
 .debug_line    0x0000000000000000      0xe48 ./Core/Src/main.o
 .debug_line    0x0000000000000e48      0x9b0 ./Core/Src/stm32f4xx_hal_msp.o
 .debug_line    0x00000000000017f8      0x70e ./Core/Src/stm32f4xx_hal_timebase_tim.o
 .debug_line    0x0000000000001f06      0x74b ./Core/Src/stm32f4xx_it.o
 .debug_line    0x0000000000002651      0x730 ./Core/Src/system_stm32f4xx.o
 .debug_line    0x0000000000002d81       0x88 ./Core/Startup/startup_stm32f407vgtx.o
 .debug_line    0x0000000000002e09      0x996 ./Drivers/STM32F4xx_HAL_Driver/Src/stm32f4xx_hal.o
 .debug_line    0x000000000000379f      0xc45 ./Drivers/STM32F4xx_HAL_Driver/Src/stm32f4xx_hal_cortex.o
 .debug_line    0x00000000000043e4      0xb0c ./Drivers/STM32F4xx_HAL_Driver/Src/stm32f4xx_hal_gpio.o
 .debug_line    0x0000000000004ef0      0xd12 ./Drivers/STM32F4xx_HAL_Driver/Src/stm32f4xx_hal_rcc.o
 .debug_line    0x0000000000005c02     0x368a ./Drivers/STM32F4xx_HAL_Driver/Src/stm32f4xx_hal_tim.o
 .debug_line    0x000000000000928c     0x1993 ./Drivers/STM32F4xx_HAL_Driver/Src/stm32f4xx_hal_tim_ex.o
 .debug_line    0x000000000000ac1f      0x94d ./common/ThirdParty/FreeRTOS/list.o
 .debug_line    0x000000000000b56c     0x1f00 ./common/ThirdParty/FreeRTOS/tasks.o
 .debug_line    0x000000000000d46c      0xa5d ./common/ThirdParty/FreeRTOS/portable/GCC/ARM_CM4F/port.o
 .debug_line    0x000000000000dec9      0xb98 ./common/ThirdParty/FreeRTOS/portable/MemMang/heap_4.o
 .debug_line    0x000000000000ea61      0x6ca ./common/ThirdParty/SEGGER/Config/SEGGER_SYSVIEW_Config_FreeRTOS.o
 .debug_line    0x000000000000f12b      0x9c1 ./common/ThirdParty/SEGGER/OS/SEGGER_SYSVIEW_FreeRTOS.o
 .debug_line    0x000000000000faec      0xede ./common/ThirdParty/SEGGER/SEGGER/SEGGER_RTT.o
 .debug_line    0x00000000000109ca       0xe1 ./common/ThirdParty/SEGGER/SEGGER/SEGGER_RTT_ASM_ARMv7M.o
 .debug_line    0x0000000000010aab     0x1fcb ./common/ThirdParty/SEGGER/SEGGER/SEGGER_SYSVIEW.o

.debug_str      0x0000000000000000    0xd67c7
 .debug_str     0x0000000000000000    0xcf08f ./Core/Src/main.o
                                      0xcf4b7 (size before relaxing)
 .debug_str     0x00000000000cf08f       0x2c ./Core/Src/stm32f4xx_hal_msp.o
                                      0xc9149 (size before relaxing)
 .debug_str     0x00000000000cf0bb      0x57b ./Core/Src/stm32f4xx_hal_timebase_tim.o
                                      0xc2482 (size before relaxing)
 .debug_str     0x00000000000cf636       0xa6 ./Core/Src/stm32f4xx_it.o
                                      0xc24c7 (size before relaxing)
 .debug_str     0x00000000000cf6dc       0xaf ./Core/Src/system_stm32f4xx.o
                                      0xc19f5 (size before relaxing)
 .debug_str     0x00000000000cf78b       0x36 ./Core/Startup/startup_stm32f407vgtx.o
                                         0x8a (size before relaxing)
 .debug_str     0x00000000000cf7c1      0x542 ./Drivers/STM32F4xx_HAL_Driver/Src/stm32f4xx_hal.o
                                      0xc24d7 (size before relaxing)
 .debug_str     0x00000000000cfd03      0x392 ./Drivers/STM32F4xx_HAL_Driver/Src/stm32f4xx_hal_cortex.o
                                      0xc22c6 (size before relaxing)
 .debug_str     0x00000000000d0095      0x15f ./Drivers/STM32F4xx_HAL_Driver/Src/stm32f4xx_hal_gpio.o
                                      0xc1b9c (size before relaxing)
 .debug_str     0x00000000000d01f4      0x24f ./Drivers/STM32F4xx_HAL_Driver/Src/stm32f4xx_hal_rcc.o
                                      0xc1df7 (size before relaxing)
 .debug_str     0x00000000000d0443      0xe4d ./Drivers/STM32F4xx_HAL_Driver/Src/stm32f4xx_hal_tim.o
                                      0xc2d24 (size before relaxing)
 .debug_str     0x00000000000d1290      0x538 ./Drivers/STM32F4xx_HAL_Driver/Src/stm32f4xx_hal_tim_ex.o
                                      0xc24d5 (size before relaxing)
 .debug_str     0x00000000000d17c8      0x2cf ./common/ThirdParty/FreeRTOS/list.o
                                       0xed51 (size before relaxing)
 .debug_str     0x00000000000d1a97     0x1dfd ./common/ThirdParty/FreeRTOS/tasks.o
                                      0x11e20 (size before relaxing)
 .debug_str     0x00000000000d3894      0x83c ./common/ThirdParty/FreeRTOS/portable/GCC/ARM_CM4F/port.o
                                       0xd423 (size before relaxing)
 .debug_str     0x00000000000d40d0      0x371 ./common/ThirdParty/FreeRTOS/portable/MemMang/heap_4.o
                                      0x101cb (size before relaxing)
 .debug_str     0x00000000000d4441      0x1b3 ./common/ThirdParty/SEGGER/Config/SEGGER_SYSVIEW_Config_FreeRTOS.o
                                       0xb2d2 (size before relaxing)
 .debug_str     0x00000000000d45f4      0x136 ./common/ThirdParty/SEGGER/OS/SEGGER_SYSVIEW_FreeRTOS.o
                                       0xff2a (size before relaxing)
 .debug_str     0x00000000000d472a     0x108e ./common/ThirdParty/SEGGER/SEGGER/SEGGER_RTT.o
                                       0x7ca8 (size before relaxing)
 .debug_str     0x00000000000d57b8       0x75 ./common/ThirdParty/SEGGER/SEGGER/SEGGER_RTT_ASM_ARMv7M.o
                                         0xd7 (size before relaxing)
 .debug_str     0x00000000000d582d      0xf9a ./common/ThirdParty/SEGGER/SEGGER/SEGGER_SYSVIEW.o
                                       0x9c6f (size before relaxing)

.comment        0x0000000000000000       0x53
 .comment       0x0000000000000000       0x53 ./Core/Src/main.o
                                         0x54 (size before relaxing)
 .comment       0x0000000000000053       0x54 ./Core/Src/stm32f4xx_hal_msp.o
 .comment       0x0000000000000053       0x54 ./Core/Src/stm32f4xx_hal_timebase_tim.o
 .comment       0x0000000000000053       0x54 ./Core/Src/stm32f4xx_it.o
 .comment       0x0000000000000053       0x54 ./Core/Src/system_stm32f4xx.o
 .comment       0x0000000000000053       0x54 ./Drivers/STM32F4xx_HAL_Driver/Src/stm32f4xx_hal.o
 .comment       0x0000000000000053       0x54 ./Drivers/STM32F4xx_HAL_Driver/Src/stm32f4xx_hal_cortex.o
 .comment       0x0000000000000053       0x54 ./Drivers/STM32F4xx_HAL_Driver/Src/stm32f4xx_hal_gpio.o
 .comment       0x0000000000000053       0x54 ./Drivers/STM32F4xx_HAL_Driver/Src/stm32f4xx_hal_rcc.o
 .comment       0x0000000000000053       0x54 ./Drivers/STM32F4xx_HAL_Driver/Src/stm32f4xx_hal_tim.o
 .comment       0x0000000000000053       0x54 ./Drivers/STM32F4xx_HAL_Driver/Src/stm32f4xx_hal_tim_ex.o
 .comment       0x0000000000000053       0x54 ./common/ThirdParty/FreeRTOS/list.o
 .comment       0x0000000000000053       0x54 ./common/ThirdParty/FreeRTOS/tasks.o
 .comment       0x0000000000000053       0x54 ./common/ThirdParty/FreeRTOS/portable/GCC/ARM_CM4F/port.o
 .comment       0x0000000000000053       0x54 ./common/ThirdParty/FreeRTOS/portable/MemMang/heap_4.o
 .comment       0x0000000000000053       0x54 ./common/ThirdParty/SEGGER/Config/SEGGER_SYSVIEW_Config_FreeRTOS.o
 .comment       0x0000000000000053       0x54 ./common/ThirdParty/SEGGER/OS/SEGGER_SYSVIEW_FreeRTOS.o
 .comment       0x0000000000000053       0x54 ./common/ThirdParty/SEGGER/SEGGER/SEGGER_RTT.o
 .comment       0x0000000000000053       0x54 ./common/ThirdParty/SEGGER/SEGGER/SEGGER_SYSVIEW.o

.debug_frame    0x0000000000000000     0x45fc
 .debug_frame   0x0000000000000000      0x138 ./Core/Src/main.o
 .debug_frame   0x0000000000000138       0x34 ./Core/Src/stm32f4xx_hal_msp.o
 .debug_frame   0x000000000000016c       0x74 ./Core/Src/stm32f4xx_hal_timebase_tim.o
 .debug_frame   0x00000000000001e0       0xc4 ./Core/Src/stm32f4xx_it.o
 .debug_frame   0x00000000000002a4       0x58 ./Core/Src/system_stm32f4xx.o
 .debug_frame   0x00000000000002fc      0x374 ./Drivers/STM32F4xx_HAL_Driver/Src/stm32f4xx_hal.o
 .debug_frame   0x0000000000000670      0x498 ./Drivers/STM32F4xx_HAL_Driver/Src/stm32f4xx_hal_cortex.o
 .debug_frame   0x0000000000000b08      0x14c ./Drivers/STM32F4xx_HAL_Driver/Src/stm32f4xx_hal_gpio.o
 .debug_frame   0x0000000000000c54      0x1f0 ./Drivers/STM32F4xx_HAL_Driver/Src/stm32f4xx_hal_rcc.o
 .debug_frame   0x0000000000000e44     0x11c4 ./Drivers/STM32F4xx_HAL_Driver/Src/stm32f4xx_hal_tim.o
 .debug_frame   0x0000000000002008      0x638 ./Drivers/STM32F4xx_HAL_Driver/Src/stm32f4xx_hal_tim_ex.o
 .debug_frame   0x0000000000002640       0xd8 ./common/ThirdParty/FreeRTOS/list.o
 .debug_frame   0x0000000000002718      0x8b0 ./common/ThirdParty/FreeRTOS/tasks.o
 .debug_frame   0x0000000000002fc8      0x1d0 ./common/ThirdParty/FreeRTOS/portable/GCC/ARM_CM4F/port.o
 .debug_frame   0x0000000000003198      0x12c ./common/ThirdParty/FreeRTOS/portable/MemMang/heap_4.o
 .debug_frame   0x00000000000032c4       0x48 ./common/ThirdParty/SEGGER/Config/SEGGER_SYSVIEW_Config_FreeRTOS.o
 .debug_frame   0x000000000000330c       0xfc ./common/ThirdParty/SEGGER/OS/SEGGER_SYSVIEW_FreeRTOS.o
 .debug_frame   0x0000000000003408      0x530 ./common/ThirdParty/SEGGER/SEGGER/SEGGER_RTT.o
 .debug_frame   0x0000000000003938      0xbc4 ./common/ThirdParty/SEGGER/SEGGER/SEGGER_SYSVIEW.o
 .debug_frame   0x00000000000044fc       0x2c c:/st/stm32cubeide_1.7.0/stm32cubeide/plugins/com.st.stm32cube.ide.mcu.externaltools.gnu-tools-for-stm32.9-2020-q2-update.win32_2.0.0.202105311346/tools/bin/../lib/gcc/arm-none-eabi/9.3.1/../../../../arm-none-eabi/lib/thumb/v7e-m+fp/hard\libc_nano.a(lib_a-init.o)
 .debug_frame   0x0000000000004528       0x2c c:/st/stm32cubeide_1.7.0/stm32cubeide/plugins/com.st.stm32cube.ide.mcu.externaltools.gnu-tools-for-stm32.9-2020-q2-update.win32_2.0.0.202105311346/tools/bin/../lib/gcc/arm-none-eabi/9.3.1/../../../../arm-none-eabi/lib/thumb/v7e-m+fp/hard\libc_nano.a(lib_a-memcmp.o)
 .debug_frame   0x0000000000004554       0x28 c:/st/stm32cubeide_1.7.0/stm32cubeide/plugins/com.st.stm32cube.ide.mcu.externaltools.gnu-tools-for-stm32.9-2020-q2-update.win32_2.0.0.202105311346/tools/bin/../lib/gcc/arm-none-eabi/9.3.1/../../../../arm-none-eabi/lib/thumb/v7e-m+fp/hard\libc_nano.a(lib_a-memcpy-stub.o)
 .debug_frame   0x000000000000457c       0x20 c:/st/stm32cubeide_1.7.0/stm32cubeide/plugins/com.st.stm32cube.ide.mcu.externaltools.gnu-tools-for-stm32.9-2020-q2-update.win32_2.0.0.202105311346/tools/bin/../lib/gcc/arm-none-eabi/9.3.1/../../../../arm-none-eabi/lib/thumb/v7e-m+fp/hard\libc_nano.a(lib_a-memset.o)
 .debug_frame   0x000000000000459c       0x2c c:/st/stm32cubeide_1.7.0/stm32cubeide/plugins/com.st.stm32cube.ide.mcu.externaltools.gnu-tools-for-stm32.9-2020-q2-update.win32_2.0.0.202105311346/tools/bin/../lib/gcc/arm-none-eabi/9.3.1/thumb/v7e-m+fp/hard\libgcc.a(_aeabi_uldivmod.o)
 .debug_frame   0x00000000000045c8       0x34 c:/st/stm32cubeide_1.7.0/stm32cubeide/plugins/com.st.stm32cube.ide.mcu.externaltools.gnu-tools-for-stm32.9-2020-q2-update.win32_2.0.0.202105311346/tools/bin/../lib/gcc/arm-none-eabi/9.3.1/thumb/v7e-m+fp/hard\libgcc.a(_udivmoddi4.o)
